Archive member included because of file (symbol)

c:/users/ascom/downloads/embedded/imt_sdk_win_64/winavr/bin/../lib/gcc/avr/4.3.3/avr5\libgcc.a(_udivmodhi4.o)
                              ./src/LCD.o (__udivmodhi4)
c:/users/ascom/downloads/embedded/imt_sdk_win_64/winavr/bin/../lib/gcc/avr/4.3.3/avr5\libgcc.a(_divmodhi4.o)
                              ./src/LCD.o (__divmodhi4)
c:/users/ascom/downloads/embedded/imt_sdk_win_64/winavr/bin/../lib/gcc/avr/4.3.3/avr5\libgcc.a(_exit.o)
                              c:/users/ascom/downloads/embedded/imt_sdk_win_64/winavr/bin/../lib/gcc/avr/4.3.3/../../../../avr/lib/avr5/crtm32.o (exit)
c:/users/ascom/downloads/embedded/imt_sdk_win_64/winavr/bin/../lib/gcc/avr/4.3.3/avr5\libgcc.a(_clear_bss.o)
                              ./src/Adc.o (__do_clear_bss)
c:/users/ascom/downloads/embedded/imt_sdk_win_64/winavr/bin/../lib/gcc/avr/4.3.3/avr5\libgcc.a(_fixunssfsi.o)
                              ./src/LCD.o (__fixunssfsi)
c:/users/ascom/downloads/embedded/imt_sdk_win_64/winavr/bin/../lib/gcc/avr/4.3.3/avr5\libgcc.a(_addsub_sf.o)
                              c:/users/ascom/downloads/embedded/imt_sdk_win_64/winavr/bin/../lib/gcc/avr/4.3.3/avr5\libgcc.a(_fixunssfsi.o) (__subsf3)
c:/users/ascom/downloads/embedded/imt_sdk_win_64/winavr/bin/../lib/gcc/avr/4.3.3/avr5\libgcc.a(_mul_sf.o)
                              ./src/LCD.o (__mulsf3)
c:/users/ascom/downloads/embedded/imt_sdk_win_64/winavr/bin/../lib/gcc/avr/4.3.3/avr5\libgcc.a(_gt_sf.o)
                              ./src/LCD.o (__gtsf2)
c:/users/ascom/downloads/embedded/imt_sdk_win_64/winavr/bin/../lib/gcc/avr/4.3.3/avr5\libgcc.a(_ge_sf.o)
                              c:/users/ascom/downloads/embedded/imt_sdk_win_64/winavr/bin/../lib/gcc/avr/4.3.3/avr5\libgcc.a(_fixunssfsi.o) (__gesf2)
c:/users/ascom/downloads/embedded/imt_sdk_win_64/winavr/bin/../lib/gcc/avr/4.3.3/avr5\libgcc.a(_lt_sf.o)
                              ./src/LCD.o (__ltsf2)
c:/users/ascom/downloads/embedded/imt_sdk_win_64/winavr/bin/../lib/gcc/avr/4.3.3/avr5\libgcc.a(_sf_to_si.o)
                              c:/users/ascom/downloads/embedded/imt_sdk_win_64/winavr/bin/../lib/gcc/avr/4.3.3/avr5\libgcc.a(_fixunssfsi.o) (__fixsfsi)
c:/users/ascom/downloads/embedded/imt_sdk_win_64/winavr/bin/../lib/gcc/avr/4.3.3/avr5\libgcc.a(_thenan_sf.o)
                              c:/users/ascom/downloads/embedded/imt_sdk_win_64/winavr/bin/../lib/gcc/avr/4.3.3/avr5\libgcc.a(_addsub_sf.o) (__thenan_sf)
c:/users/ascom/downloads/embedded/imt_sdk_win_64/winavr/bin/../lib/gcc/avr/4.3.3/avr5\libgcc.a(_prologue.o)
                              c:/users/ascom/downloads/embedded/imt_sdk_win_64/winavr/bin/../lib/gcc/avr/4.3.3/avr5\libgcc.a(_addsub_sf.o) (__prologue_saves__)
c:/users/ascom/downloads/embedded/imt_sdk_win_64/winavr/bin/../lib/gcc/avr/4.3.3/avr5\libgcc.a(_epilogue.o)
                              c:/users/ascom/downloads/embedded/imt_sdk_win_64/winavr/bin/../lib/gcc/avr/4.3.3/avr5\libgcc.a(_addsub_sf.o) (__epilogue_restores__)
c:/users/ascom/downloads/embedded/imt_sdk_win_64/winavr/bin/../lib/gcc/avr/4.3.3/avr5\libgcc.a(_copy_data.o)
                              c:/users/ascom/downloads/embedded/imt_sdk_win_64/winavr/bin/../lib/gcc/avr/4.3.3/avr5\libgcc.a(_thenan_sf.o) (__do_copy_data)
c:/users/ascom/downloads/embedded/imt_sdk_win_64/winavr/bin/../lib/gcc/avr/4.3.3/avr5\libgcc.a(_pack_sf.o)
                              c:/users/ascom/downloads/embedded/imt_sdk_win_64/winavr/bin/../lib/gcc/avr/4.3.3/avr5\libgcc.a(_addsub_sf.o) (__pack_f)
c:/users/ascom/downloads/embedded/imt_sdk_win_64/winavr/bin/../lib/gcc/avr/4.3.3/avr5\libgcc.a(_unpack_sf.o)
                              c:/users/ascom/downloads/embedded/imt_sdk_win_64/winavr/bin/../lib/gcc/avr/4.3.3/avr5\libgcc.a(_addsub_sf.o) (__unpack_f)
c:/users/ascom/downloads/embedded/imt_sdk_win_64/winavr/bin/../lib/gcc/avr/4.3.3/avr5\libgcc.a(_fpcmp_parts_sf.o)
                              c:/users/ascom/downloads/embedded/imt_sdk_win_64/winavr/bin/../lib/gcc/avr/4.3.3/avr5\libgcc.a(_gt_sf.o) (__fpcmp_parts_f)

Allocating common symbols
Common symbol       size              file

ExtInterrupt_INT1Callback
                    0x2               ./src/ExtInterrupt.o
Gpt_Timer0_Callback_Ctc
                    0x2               ./src/Gpt.o
ExtInterrupt_INT0Callback
                    0x2               ./src/ExtInterrupt.o
Gpt_Timer2_Callback_Ctc
                    0x2               ./src/Gpt.o
Gpt_Timer1B_Callback_Ctc
                    0x2               ./src/Gpt.o
Gpt_Timer2_Callback_Normal
                    0x2               ./src/Gpt.o
Adc_Callback        0x2               ./src/Adc.o
Gpt_Timer1A_Callback_Ctc
                    0x2               ./src/Gpt.o
Gpt_Timer0_Callback_Normal
                    0x2               ./src/Gpt.o
ExtInterrupt_INT2Callback
                    0x2               ./src/ExtInterrupt.o
Gpt_Timer1_Callback_Normal
                    0x2               ./src/Gpt.o

Memory Configuration

Name             Origin             Length             Attributes
text             0x00000000         0x00020000         xr
data             0x00800060         0x0000ffa0         rw !x
eeprom           0x00810000         0x00010000         rw !x
fuse             0x00820000         0x00000400         rw !x
lock             0x00830000         0x00000400         rw !x
signature        0x00840000         0x00000400         rw !x
*default*        0x00000000         0xffffffff

Linker script and memory map

LOAD c:/users/ascom/downloads/embedded/imt_sdk_win_64/winavr/bin/../lib/gcc/avr/4.3.3/../../../../avr/lib/avr5/crtm32.o
LOAD ./src/Adc.o
LOAD ./src/DIO.o
LOAD ./src/EEPROM.o
LOAD ./src/ExtInterrupt.o
LOAD ./src/GlobalInterrupt.o
LOAD ./src/Gpt.o
LOAD ./src/I2C.o
LOAD ./src/Keypad.o
LOAD ./src/LCD.o
LOAD ./src/SPI.o
LOAD ./src/SSD.o
LOAD ./src/Spt.o
LOAD ./src/UART.o
LOAD ./src/WDT.o
LOAD ./main.o
LOAD c:/users/ascom/downloads/embedded/imt_sdk_win_64/winavr/bin/../lib/gcc/avr/4.3.3/avr5\libgcc.a
LOAD c:/users/ascom/downloads/embedded/imt_sdk_win_64/winavr/bin/../lib/gcc/avr/4.3.3/../../../../avr/lib/avr5\libc.a
LOAD c:/users/ascom/downloads/embedded/imt_sdk_win_64/winavr/bin/../lib/gcc/avr/4.3.3/avr5\libgcc.a

.hash
 *(.hash)

.dynsym
 *(.dynsym)

.dynstr
 *(.dynstr)

.gnu.version
 *(.gnu.version)

.gnu.version_d
 *(.gnu.version_d)

.gnu.version_r
 *(.gnu.version_r)

.rel.init
 *(.rel.init)

.rela.init
 *(.rela.init)

.rel.text
 *(.rel.text)
 *(.rel.text.*)
 *(.rel.gnu.linkonce.t*)

.rela.text
 *(.rela.text)
 *(.rela.text.*)
 *(.rela.gnu.linkonce.t*)

.rel.fini
 *(.rel.fini)

.rela.fini
 *(.rela.fini)

.rel.rodata
 *(.rel.rodata)
 *(.rel.rodata.*)
 *(.rel.gnu.linkonce.r*)

.rela.rodata
 *(.rela.rodata)
 *(.rela.rodata.*)
 *(.rela.gnu.linkonce.r*)

.rel.data
 *(.rel.data)
 *(.rel.data.*)
 *(.rel.gnu.linkonce.d*)

.rela.data
 *(.rela.data)
 *(.rela.data.*)
 *(.rela.gnu.linkonce.d*)

.rel.ctors
 *(.rel.ctors)

.rela.ctors
 *(.rela.ctors)

.rel.dtors
 *(.rel.dtors)

.rela.dtors
 *(.rela.dtors)

.rel.got
 *(.rel.got)

.rela.got
 *(.rela.got)

.rel.bss
 *(.rel.bss)

.rela.bss
 *(.rela.bss)

.rel.plt
 *(.rel.plt)

.rela.plt
 *(.rela.plt)

.text           0x00000000     0x4c98
 *(.vectors)
 .vectors       0x00000000       0x54 c:/users/ascom/downloads/embedded/imt_sdk_win_64/winavr/bin/../lib/gcc/avr/4.3.3/../../../../avr/lib/avr5/crtm32.o
                0x00000000                __vectors
                0x00000000                __vector_default
 *(.vectors)
 *(.progmem.gcc*)
 *(.progmem*)
                0x00000054                . = ALIGN (0x2)
                0x00000054                __trampolines_start = .
 *(.trampolines)
 .trampolines   0x00000054        0x0 linker stubs
 *(.trampolines*)
                0x00000054                __trampolines_end = .
 *(.jumptables)
 *(.jumptables*)
 *(.lowtext)
 *(.lowtext*)
                0x00000054                __ctors_start = .
 *(.ctors)
                0x00000054                __ctors_end = .
                0x00000054                __dtors_start = .
 *(.dtors)
                0x00000054                __dtors_end = .
 SORT(*)(.ctors)
 SORT(*)(.dtors)
 *(.init0)
 .init0         0x00000054        0x0 c:/users/ascom/downloads/embedded/imt_sdk_win_64/winavr/bin/../lib/gcc/avr/4.3.3/../../../../avr/lib/avr5/crtm32.o
                0x00000054                __init
 *(.init0)
 *(.init1)
 *(.init1)
 *(.init2)
 .init2         0x00000054        0xc c:/users/ascom/downloads/embedded/imt_sdk_win_64/winavr/bin/../lib/gcc/avr/4.3.3/../../../../avr/lib/avr5/crtm32.o
 *(.init2)
 *(.init3)
 *(.init3)
 *(.init4)
 .init4         0x00000060       0x10 c:/users/ascom/downloads/embedded/imt_sdk_win_64/winavr/bin/../lib/gcc/avr/4.3.3/avr5\libgcc.a(_clear_bss.o)
                0x00000060                __do_clear_bss
 .init4         0x00000070       0x16 c:/users/ascom/downloads/embedded/imt_sdk_win_64/winavr/bin/../lib/gcc/avr/4.3.3/avr5\libgcc.a(_copy_data.o)
                0x00000070                __do_copy_data
 *(.init4)
 *(.init5)
 *(.init5)
 *(.init6)
 *(.init6)
 *(.init7)
 *(.init7)
 *(.init8)
 *(.init8)
 *(.init9)
 .init9         0x00000086        0x8 c:/users/ascom/downloads/embedded/imt_sdk_win_64/winavr/bin/../lib/gcc/avr/4.3.3/../../../../avr/lib/avr5/crtm32.o
 *(.init9)
 *(.text)
 .text          0x0000008e        0x4 c:/users/ascom/downloads/embedded/imt_sdk_win_64/winavr/bin/../lib/gcc/avr/4.3.3/../../../../avr/lib/avr5/crtm32.o
                0x0000008e                __vector_1
                0x0000008e                __vector_12
                0x0000008e                __bad_interrupt
                0x0000008e                __vector_6
                0x0000008e                __vector_3
                0x0000008e                __vector_13
                0x0000008e                __vector_17
                0x0000008e                __vector_19
                0x0000008e                __vector_2
                0x0000008e                __vector_15
                0x0000008e                __vector_14
                0x0000008e                __vector_18
                0x0000008e                __vector_20
 .text          0x00000092        0x0 ./src/Adc.o
 .text          0x00000092        0x0 ./src/DIO.o
 .text          0x00000092        0x0 ./src/EEPROM.o
 .text          0x00000092        0x0 ./src/ExtInterrupt.o
 .text          0x00000092        0x0 ./src/GlobalInterrupt.o
 .text          0x00000092        0x0 ./src/Gpt.o
 .text          0x00000092        0x0 ./src/I2C.o
 .text          0x00000092        0x0 ./src/Keypad.o
 .text          0x00000092        0x0 ./src/LCD.o
 .text          0x00000092        0x0 ./src/SPI.o
 .text          0x00000092        0x0 ./src/SSD.o
 .text          0x00000092        0x0 ./src/Spt.o
 .text          0x00000092        0x0 ./src/UART.o
 .text          0x00000092        0x0 ./src/WDT.o
 .text          0x00000092        0x0 ./main.o
 .text          0x00000092        0x0 c:/users/ascom/downloads/embedded/imt_sdk_win_64/winavr/bin/../lib/gcc/avr/4.3.3/avr5\libgcc.a(_udivmodhi4.o)
 .text          0x00000092        0x0 c:/users/ascom/downloads/embedded/imt_sdk_win_64/winavr/bin/../lib/gcc/avr/4.3.3/avr5\libgcc.a(_divmodhi4.o)
 .text          0x00000092        0x0 c:/users/ascom/downloads/embedded/imt_sdk_win_64/winavr/bin/../lib/gcc/avr/4.3.3/avr5\libgcc.a(_exit.o)
 .text          0x00000092        0x0 c:/users/ascom/downloads/embedded/imt_sdk_win_64/winavr/bin/../lib/gcc/avr/4.3.3/avr5\libgcc.a(_clear_bss.o)
 .text          0x00000092       0x58 c:/users/ascom/downloads/embedded/imt_sdk_win_64/winavr/bin/../lib/gcc/avr/4.3.3/avr5\libgcc.a(_fixunssfsi.o)
                0x00000092                __fixunssfsi
 .text          0x000000ea      0x354 c:/users/ascom/downloads/embedded/imt_sdk_win_64/winavr/bin/../lib/gcc/avr/4.3.3/avr5\libgcc.a(_addsub_sf.o)
                0x00000382                __subsf3
                0x000003e4                __addsf3
 .text          0x0000043e      0x1f4 c:/users/ascom/downloads/embedded/imt_sdk_win_64/winavr/bin/../lib/gcc/avr/4.3.3/avr5\libgcc.a(_mul_sf.o)
                0x0000043e                __mulsf3
 .text          0x00000632       0x60 c:/users/ascom/downloads/embedded/imt_sdk_win_64/winavr/bin/../lib/gcc/avr/4.3.3/avr5\libgcc.a(_gt_sf.o)
                0x00000632                __gtsf2
 .text          0x00000692       0x60 c:/users/ascom/downloads/embedded/imt_sdk_win_64/winavr/bin/../lib/gcc/avr/4.3.3/avr5\libgcc.a(_ge_sf.o)
                0x00000692                __gesf2
 .text          0x000006f2       0x60 c:/users/ascom/downloads/embedded/imt_sdk_win_64/winavr/bin/../lib/gcc/avr/4.3.3/avr5\libgcc.a(_lt_sf.o)
                0x000006f2                __ltsf2
 .text          0x00000752       0xa8 c:/users/ascom/downloads/embedded/imt_sdk_win_64/winavr/bin/../lib/gcc/avr/4.3.3/avr5\libgcc.a(_sf_to_si.o)
                0x00000752                __fixsfsi
 .text          0x000007fa        0x0 c:/users/ascom/downloads/embedded/imt_sdk_win_64/winavr/bin/../lib/gcc/avr/4.3.3/avr5\libgcc.a(_thenan_sf.o)
 .text          0x000007fa        0x0 c:/users/ascom/downloads/embedded/imt_sdk_win_64/winavr/bin/../lib/gcc/avr/4.3.3/avr5\libgcc.a(_prologue.o)
 .text          0x000007fa        0x0 c:/users/ascom/downloads/embedded/imt_sdk_win_64/winavr/bin/../lib/gcc/avr/4.3.3/avr5\libgcc.a(_epilogue.o)
 .text          0x000007fa        0x0 c:/users/ascom/downloads/embedded/imt_sdk_win_64/winavr/bin/../lib/gcc/avr/4.3.3/avr5\libgcc.a(_copy_data.o)
 .text          0x000007fa      0x1aa c:/users/ascom/downloads/embedded/imt_sdk_win_64/winavr/bin/../lib/gcc/avr/4.3.3/avr5\libgcc.a(_pack_sf.o)
                0x000007fa                __pack_f
 .text          0x000009a4       0xf0 c:/users/ascom/downloads/embedded/imt_sdk_win_64/winavr/bin/../lib/gcc/avr/4.3.3/avr5\libgcc.a(_unpack_sf.o)
                0x000009a4                __unpack_f
 .text          0x00000a94       0xb2 c:/users/ascom/downloads/embedded/imt_sdk_win_64/winavr/bin/../lib/gcc/avr/4.3.3/avr5\libgcc.a(_fpcmp_parts_sf.o)
                0x00000a94                __fpcmp_parts_f
                0x00000b46                . = ALIGN (0x2)
 *(.text.*)
 .text.__vector_16
                0x00000b46       0x66 ./src/Adc.o
                0x00000b46                __vector_16
 .text.Adc_Init
                0x00000bac       0x82 ./src/Adc.o
                0x00000bac                Adc_Init
 .text.Adc_StartConversion
                0x00000c2e       0x40 ./src/Adc.o
                0x00000c2e                Adc_StartConversion
 .text.Adc_Enable
                0x00000c6e       0x1c ./src/Adc.o
                0x00000c6e                Adc_Enable
 .text.Adc_Disable
                0x00000c8a       0x1c ./src/Adc.o
                0x00000c8a                Adc_Disable
 .text.Adc_GetResult
                0x00000ca6       0x5a ./src/Adc.o
                0x00000ca6                Adc_GetResult
 .text.Adc_GetResultPolling
                0x00000d00       0x2e ./src/Adc.o
                0x00000d00                Adc_GetResultPolling
 .text.Adc_SetCallback
                0x00000d2e       0x24 ./src/Adc.o
                0x00000d2e                Adc_SetCallback
 .text.DIO_SetPinMode
                0x00000d52      0x420 ./src/DIO.o
                0x00000d52                DIO_SetPinMode
 .text.DIO_SetPortMode
                0x00001172      0x1fc ./src/DIO.o
                0x00001172                DIO_SetPortMode
 .text.DIO_SetPinLevel
                0x0000136e      0x200 ./src/DIO.o
                0x0000136e                DIO_SetPinLevel
 .text.DIO_SetPortLevel
                0x0000156e      0x15e ./src/DIO.o
                0x0000156e                DIO_SetPortLevel
 .text.DIO_ReadPinLevel
                0x000016cc       0xf4 ./src/DIO.o
                0x000016cc                DIO_ReadPinLevel
 .text.DIO_ReadPortLevel
                0x000017c0       0xfc ./src/DIO.o
                0x000017c0                DIO_ReadPortLevel
 .text.EEPROM_Init
                0x000018bc       0x12 ./src/EEPROM.o
                0x000018bc                EEPROM_Init
 .text.EEPROM_Write_Byte
                0x000018ce       0x38 ./src/EEPROM.o
                0x000018ce                EEPROM_Write_Byte
 .text.EEPROM_Read_Byte
                0x00001906       0x3c ./src/EEPROM.o
                0x00001906                EEPROM_Read_Byte
 .text.ExtInterrupt_Init
                0x00001942       0x3c ./src/ExtInterrupt.o
                0x00001942                ExtInterrupt_Init
 .text.GlobalInterrupt_Enable
                0x0000197e       0x1c ./src/GlobalInterrupt.o
                0x0000197e                GlobalInterrupt_Enable
 .text.GlobalInterrupt_Disable
                0x0000199a       0x1c ./src/GlobalInterrupt.o
                0x0000199a                GlobalInterrupt_Disable
 .text.__vector_10
                0x000019b6       0x5a ./src/Gpt.o
                0x000019b6                __vector_10
 .text.__vector_11
                0x00001a10       0x5a ./src/Gpt.o
                0x00001a10                __vector_11
 .text.__vector_9
                0x00001a6a       0x5a ./src/Gpt.o
                0x00001a6a                __vector_9
 .text.__vector_7
                0x00001ac4       0x5a ./src/Gpt.o
                0x00001ac4                __vector_7
 .text.__vector_8
                0x00001b1e       0x5a ./src/Gpt.o
                0x00001b1e                __vector_8
 .text.__vector_5
                0x00001b78       0x5a ./src/Gpt.o
                0x00001b78                __vector_5
 .text.__vector_4
                0x00001bd2       0x5a ./src/Gpt.o
                0x00001bd2                __vector_4
 .text.Gpt_Init
                0x00001c2c      0xcb4 ./src/Gpt.o
                0x00001c2c                Gpt_Init
 .text.Gpt_StartTimer
                0x000028e0       0xb8 ./src/Gpt.o
                0x000028e0                Gpt_StartTimer
 .text.Gpt_GetTimeElapsed
                0x00002998       0xa0 ./src/Gpt.o
                0x00002998                Gpt_GetTimeElapsed
 .text.Gpt_GetTimeRemaining
                0x00002a38      0x176 ./src/Gpt.o
                0x00002a38                Gpt_GetTimeRemaining
 .text.Gpt_EnableNotification
                0x00002bae      0x17c ./src/Gpt.o
                0x00002bae                Gpt_EnableNotification
 .text.Gpt_DisableNotification
                0x00002d2a      0x10e ./src/Gpt.o
                0x00002d2a                Gpt_DisableNotification
 .text.I2C_InitMaster
                0x00002e38       0x24 ./src/I2C.o
                0x00002e38                I2C_InitMaster
 .text.I2C_SendStartCondition
                0x00002e5c       0x20 ./src/I2C.o
                0x00002e5c                I2C_SendStartCondition
 .text.I2C_SendStopCondition
                0x00002e7c       0x16 ./src/I2C.o
                0x00002e7c                I2C_SendStopCondition
 .text.I2C_MasterWriteDataByte
                0x00002e92       0x2e ./src/I2C.o
                0x00002e92                I2C_MasterWriteDataByte
 .text.I2C_MasterReadDataByteWith_ACK
                0x00002ec0       0x26 ./src/I2C.o
                0x00002ec0                I2C_MasterReadDataByteWith_ACK
 .text.I2C_MasterReadDataByteWith_NACK
                0x00002ee6       0x26 ./src/I2C.o
                0x00002ee6                I2C_MasterReadDataByteWith_NACK
 .text.Keypad_Init
                0x00002f0c       0x5e ./src/Keypad.o
                0x00002f0c                Keypad_Init
 .text.Keypad_GetButtonState
                0x00002f6a      0x14c ./src/Keypad.o
                0x00002f6a                Keypad_GetButtonState
 .text.Keypad_GetButtonStatePooling
                0x000030b6      0x17c ./src/Keypad.o
                0x000030b6                Keypad_GetButtonStatePooling
 .text.Keypad_GetPressedButton
                0x00003232       0x3c ./src/Keypad.o
                0x00003232                Keypad_GetPressedButton
 .text.LCD_Init
                0x0000326e      0x14e ./src/LCD.o
                0x0000326e                LCD_Init
 .text.LCD_Clear
                0x000033bc       0x14 ./src/LCD.o
                0x000033bc                LCD_Clear
 .text.LCD_DisplayCharacter
                0x000033d0       0x1a ./src/LCD.o
                0x000033d0                LCD_DisplayCharacter
 .text.LCD_DisplayString
                0x000033ea       0x52 ./src/LCD.o
                0x000033ea                LCD_DisplayString
 .text.LCD_SetCursorPosition
                0x0000343c       0x48 ./src/LCD.o
                0x0000343c                LCD_SetCursorPosition
 .text.LCD_DisplayNumber
                0x00003484       0xfe ./src/LCD.o
                0x00003484                LCD_DisplayNumber
 .text.LCD_ShiftLeft
                0x00003582       0x2e ./src/LCD.o
                0x00003582                LCD_ShiftLeft
 .text.LCD_ShiftRight
                0x000035b0       0x2e ./src/LCD.o
                0x000035b0                LCD_ShiftRight
 .text.LCD_SendCommand
                0x000035de      0x1d6 ./src/LCD.o
 .text.LCD_SendData
                0x000037b4      0x1d6 ./src/LCD.o
 .text.LCD_InitPinsMode
                0x0000398a       0x7c ./src/LCD.o
 .text.SPI_Init
                0x00003a06       0x60 ./src/SPI.o
                0x00003a06                SPI_Init
 .text.SPI_Send_Data
                0x00003a66       0x26 ./src/SPI.o
                0x00003a66                SPI_Send_Data
 .text.SPI_Recieve_Data
                0x00003a8c       0x1e ./src/SPI.o
                0x00003a8c                SPI_Recieve_Data
 .text.SSD_Init
                0x00003aaa       0x54 ./src/SSD.o
                0x00003aaa                SSD_Init
 .text.SSD_Write
                0x00003afe      0x3d4 ./src/SSD.o
                0x00003afe                SSD_Write
 .text.Spt_Init
                0x00003ed2      0x8f6 ./src/Spt.o
                0x00003ed2                Spt_Init
 .text.Spt_Set_ICR1
                0x000047c8       0x24 ./src/Spt.o
                0x000047c8                Spt_Set_ICR1
 .text.Get_OCR_Value
                0x000047ec       0x3e ./src/Spt.o
                0x000047ec                Get_OCR_Value
 .text.Spt_StartTimer
                0x0000482a       0x86 ./src/Spt.o
                0x0000482a                Spt_StartTimer
 .text.UART_Init
                0x000048b0      0x258 ./src/UART.o
                0x000048b0                UART_Init
 .text.UART_Send_Data
                0x00004b08       0x36 ./src/UART.o
                0x00004b08                UART_Send_Data
 .text.UART_Recieve_Data
                0x00004b3e       0x1e ./src/UART.o
                0x00004b3e                UART_Recieve_Data
 .text.WDT_Enable
                0x00004b5c       0x1c ./src/WDT.o
                0x00004b5c                WDT_Enable
 .text.WDT_Disable
                0x00004b78       0x16 ./src/WDT.o
                0x00004b78                WDT_Disable
 .text.WDT_SleepTime
                0x00004b8e       0x38 ./src/WDT.o
                0x00004b8e                WDT_SleepTime
 .text.main     0x00004bc6       0x12 ./main.o
                0x00004bc6                main
 .text.libgcc   0x00004bd8       0x28 c:/users/ascom/downloads/embedded/imt_sdk_win_64/winavr/bin/../lib/gcc/avr/4.3.3/avr5\libgcc.a(_udivmodhi4.o)
                0x00004bd8                __udivmodhi4
 .text.libgcc   0x00004c00       0x26 c:/users/ascom/downloads/embedded/imt_sdk_win_64/winavr/bin/../lib/gcc/avr/4.3.3/avr5\libgcc.a(_divmodhi4.o)
                0x00004c00                __divmodhi4
                0x00004c00                _div
 .text.libgcc   0x00004c26        0x0 c:/users/ascom/downloads/embedded/imt_sdk_win_64/winavr/bin/../lib/gcc/avr/4.3.3/avr5\libgcc.a(_exit.o)
 .text.libgcc   0x00004c26        0x0 c:/users/ascom/downloads/embedded/imt_sdk_win_64/winavr/bin/../lib/gcc/avr/4.3.3/avr5\libgcc.a(_clear_bss.o)
 .text.libgcc   0x00004c26       0x38 c:/users/ascom/downloads/embedded/imt_sdk_win_64/winavr/bin/../lib/gcc/avr/4.3.3/avr5\libgcc.a(_prologue.o)
                0x00004c26                __prologue_saves__
 .text.libgcc   0x00004c5e       0x36 c:/users/ascom/downloads/embedded/imt_sdk_win_64/winavr/bin/../lib/gcc/avr/4.3.3/avr5\libgcc.a(_epilogue.o)
                0x00004c5e                __epilogue_restores__
 .text.libgcc   0x00004c94        0x0 c:/users/ascom/downloads/embedded/imt_sdk_win_64/winavr/bin/../lib/gcc/avr/4.3.3/avr5\libgcc.a(_copy_data.o)
                0x00004c94                . = ALIGN (0x2)
 *(.fini9)
 .fini9         0x00004c94        0x0 c:/users/ascom/downloads/embedded/imt_sdk_win_64/winavr/bin/../lib/gcc/avr/4.3.3/avr5\libgcc.a(_exit.o)
                0x00004c94                exit
                0x00004c94                _exit
 *(.fini9)
 *(.fini8)
 *(.fini8)
 *(.fini7)
 *(.fini7)
 *(.fini6)
 *(.fini6)
 *(.fini5)
 *(.fini5)
 *(.fini4)
 *(.fini4)
 *(.fini3)
 *(.fini3)
 *(.fini2)
 *(.fini2)
 *(.fini1)
 *(.fini1)
 *(.fini0)
 .fini0         0x00004c94        0x4 c:/users/ascom/downloads/embedded/imt_sdk_win_64/winavr/bin/../lib/gcc/avr/4.3.3/avr5\libgcc.a(_exit.o)
 *(.fini0)
                0x00004c98                _etext = .

.data           0x00800060        0x8 load address 0x00004c98
                0x00800060                PROVIDE (__data_start, .)
 *(.data)
 .data          0x00800060        0x0 c:/users/ascom/downloads/embedded/imt_sdk_win_64/winavr/bin/../lib/gcc/avr/4.3.3/../../../../avr/lib/avr5/crtm32.o
 .data          0x00800060        0x0 ./src/Adc.o
 .data          0x00800060        0x0 ./src/DIO.o
 .data          0x00800060        0x0 ./src/EEPROM.o
 .data          0x00800060        0x0 ./src/ExtInterrupt.o
 .data          0x00800060        0x0 ./src/GlobalInterrupt.o
 .data          0x00800060        0x0 ./src/Gpt.o
 .data          0x00800060        0x0 ./src/I2C.o
 .data          0x00800060        0x0 ./src/Keypad.o
 .data          0x00800060        0x0 ./src/LCD.o
 .data          0x00800060        0x0 ./src/SPI.o
 .data          0x00800060        0x0 ./src/SSD.o
 .data          0x00800060        0x0 ./src/Spt.o
 .data          0x00800060        0x0 ./src/UART.o
 .data          0x00800060        0x0 ./src/WDT.o
 .data          0x00800060        0x0 ./main.o
 .data          0x00800060        0x0 c:/users/ascom/downloads/embedded/imt_sdk_win_64/winavr/bin/../lib/gcc/avr/4.3.3/avr5\libgcc.a(_udivmodhi4.o)
 .data          0x00800060        0x0 c:/users/ascom/downloads/embedded/imt_sdk_win_64/winavr/bin/../lib/gcc/avr/4.3.3/avr5\libgcc.a(_divmodhi4.o)
 .data          0x00800060        0x0 c:/users/ascom/downloads/embedded/imt_sdk_win_64/winavr/bin/../lib/gcc/avr/4.3.3/avr5\libgcc.a(_exit.o)
 .data          0x00800060        0x0 c:/users/ascom/downloads/embedded/imt_sdk_win_64/winavr/bin/../lib/gcc/avr/4.3.3/avr5\libgcc.a(_clear_bss.o)
 .data          0x00800060        0x0 c:/users/ascom/downloads/embedded/imt_sdk_win_64/winavr/bin/../lib/gcc/avr/4.3.3/avr5\libgcc.a(_fixunssfsi.o)
 .data          0x00800060        0x0 c:/users/ascom/downloads/embedded/imt_sdk_win_64/winavr/bin/../lib/gcc/avr/4.3.3/avr5\libgcc.a(_addsub_sf.o)
 .data          0x00800060        0x0 c:/users/ascom/downloads/embedded/imt_sdk_win_64/winavr/bin/../lib/gcc/avr/4.3.3/avr5\libgcc.a(_mul_sf.o)
 .data          0x00800060        0x0 c:/users/ascom/downloads/embedded/imt_sdk_win_64/winavr/bin/../lib/gcc/avr/4.3.3/avr5\libgcc.a(_gt_sf.o)
 .data          0x00800060        0x0 c:/users/ascom/downloads/embedded/imt_sdk_win_64/winavr/bin/../lib/gcc/avr/4.3.3/avr5\libgcc.a(_ge_sf.o)
 .data          0x00800060        0x0 c:/users/ascom/downloads/embedded/imt_sdk_win_64/winavr/bin/../lib/gcc/avr/4.3.3/avr5\libgcc.a(_lt_sf.o)
 .data          0x00800060        0x0 c:/users/ascom/downloads/embedded/imt_sdk_win_64/winavr/bin/../lib/gcc/avr/4.3.3/avr5\libgcc.a(_sf_to_si.o)
 .data          0x00800060        0x8 c:/users/ascom/downloads/embedded/imt_sdk_win_64/winavr/bin/../lib/gcc/avr/4.3.3/avr5\libgcc.a(_thenan_sf.o)
                0x00800060                __thenan_sf
 .data          0x00800068        0x0 c:/users/ascom/downloads/embedded/imt_sdk_win_64/winavr/bin/../lib/gcc/avr/4.3.3/avr5\libgcc.a(_prologue.o)
 .data          0x00800068        0x0 c:/users/ascom/downloads/embedded/imt_sdk_win_64/winavr/bin/../lib/gcc/avr/4.3.3/avr5\libgcc.a(_epilogue.o)
 .data          0x00800068        0x0 c:/users/ascom/downloads/embedded/imt_sdk_win_64/winavr/bin/../lib/gcc/avr/4.3.3/avr5\libgcc.a(_copy_data.o)
 .data          0x00800068        0x0 c:/users/ascom/downloads/embedded/imt_sdk_win_64/winavr/bin/../lib/gcc/avr/4.3.3/avr5\libgcc.a(_pack_sf.o)
 .data          0x00800068        0x0 c:/users/ascom/downloads/embedded/imt_sdk_win_64/winavr/bin/../lib/gcc/avr/4.3.3/avr5\libgcc.a(_unpack_sf.o)
 .data          0x00800068        0x0 c:/users/ascom/downloads/embedded/imt_sdk_win_64/winavr/bin/../lib/gcc/avr/4.3.3/avr5\libgcc.a(_fpcmp_parts_sf.o)
 *(.data*)
 *(.rodata)
 *(.rodata*)
 *(.gnu.linkonce.d*)
                0x00800068                . = ALIGN (0x2)
                0x00800068                _edata = .
                0x00800068                PROVIDE (__data_end, .)

.bss            0x00800068       0x16
                0x00800068                PROVIDE (__bss_start, .)
 *(.bss)
 .bss           0x00800068        0x0 c:/users/ascom/downloads/embedded/imt_sdk_win_64/winavr/bin/../lib/gcc/avr/4.3.3/../../../../avr/lib/avr5/crtm32.o
 .bss           0x00800068        0x0 ./src/Adc.o
 .bss           0x00800068        0x0 ./src/DIO.o
 .bss           0x00800068        0x0 ./src/EEPROM.o
 .bss           0x00800068        0x0 ./src/ExtInterrupt.o
 .bss           0x00800068        0x0 ./src/GlobalInterrupt.o
 .bss           0x00800068        0x0 ./src/Gpt.o
 .bss           0x00800068        0x0 ./src/I2C.o
 .bss           0x00800068        0x0 ./src/Keypad.o
 .bss           0x00800068        0x0 ./src/LCD.o
 .bss           0x00800068        0x0 ./src/SPI.o
 .bss           0x00800068        0x0 ./src/SSD.o
 .bss           0x00800068        0x0 ./src/Spt.o
 .bss           0x00800068        0x0 ./src/UART.o
 .bss           0x00800068        0x0 ./src/WDT.o
 .bss           0x00800068        0x0 ./main.o
 .bss           0x00800068        0x0 c:/users/ascom/downloads/embedded/imt_sdk_win_64/winavr/bin/../lib/gcc/avr/4.3.3/avr5\libgcc.a(_udivmodhi4.o)
 .bss           0x00800068        0x0 c:/users/ascom/downloads/embedded/imt_sdk_win_64/winavr/bin/../lib/gcc/avr/4.3.3/avr5\libgcc.a(_divmodhi4.o)
 .bss           0x00800068        0x0 c:/users/ascom/downloads/embedded/imt_sdk_win_64/winavr/bin/../lib/gcc/avr/4.3.3/avr5\libgcc.a(_exit.o)
 .bss           0x00800068        0x0 c:/users/ascom/downloads/embedded/imt_sdk_win_64/winavr/bin/../lib/gcc/avr/4.3.3/avr5\libgcc.a(_clear_bss.o)
 .bss           0x00800068        0x0 c:/users/ascom/downloads/embedded/imt_sdk_win_64/winavr/bin/../lib/gcc/avr/4.3.3/avr5\libgcc.a(_fixunssfsi.o)
 .bss           0x00800068        0x0 c:/users/ascom/downloads/embedded/imt_sdk_win_64/winavr/bin/../lib/gcc/avr/4.3.3/avr5\libgcc.a(_addsub_sf.o)
 .bss           0x00800068        0x0 c:/users/ascom/downloads/embedded/imt_sdk_win_64/winavr/bin/../lib/gcc/avr/4.3.3/avr5\libgcc.a(_mul_sf.o)
 .bss           0x00800068        0x0 c:/users/ascom/downloads/embedded/imt_sdk_win_64/winavr/bin/../lib/gcc/avr/4.3.3/avr5\libgcc.a(_gt_sf.o)
 .bss           0x00800068        0x0 c:/users/ascom/downloads/embedded/imt_sdk_win_64/winavr/bin/../lib/gcc/avr/4.3.3/avr5\libgcc.a(_ge_sf.o)
 .bss           0x00800068        0x0 c:/users/ascom/downloads/embedded/imt_sdk_win_64/winavr/bin/../lib/gcc/avr/4.3.3/avr5\libgcc.a(_lt_sf.o)
 .bss           0x00800068        0x0 c:/users/ascom/downloads/embedded/imt_sdk_win_64/winavr/bin/../lib/gcc/avr/4.3.3/avr5\libgcc.a(_sf_to_si.o)
 .bss           0x00800068        0x0 c:/users/ascom/downloads/embedded/imt_sdk_win_64/winavr/bin/../lib/gcc/avr/4.3.3/avr5\libgcc.a(_thenan_sf.o)
 .bss           0x00800068        0x0 c:/users/ascom/downloads/embedded/imt_sdk_win_64/winavr/bin/../lib/gcc/avr/4.3.3/avr5\libgcc.a(_prologue.o)
 .bss           0x00800068        0x0 c:/users/ascom/downloads/embedded/imt_sdk_win_64/winavr/bin/../lib/gcc/avr/4.3.3/avr5\libgcc.a(_epilogue.o)
 .bss           0x00800068        0x0 c:/users/ascom/downloads/embedded/imt_sdk_win_64/winavr/bin/../lib/gcc/avr/4.3.3/avr5\libgcc.a(_copy_data.o)
 .bss           0x00800068        0x0 c:/users/ascom/downloads/embedded/imt_sdk_win_64/winavr/bin/../lib/gcc/avr/4.3.3/avr5\libgcc.a(_pack_sf.o)
 .bss           0x00800068        0x0 c:/users/ascom/downloads/embedded/imt_sdk_win_64/winavr/bin/../lib/gcc/avr/4.3.3/avr5\libgcc.a(_unpack_sf.o)
 .bss           0x00800068        0x0 c:/users/ascom/downloads/embedded/imt_sdk_win_64/winavr/bin/../lib/gcc/avr/4.3.3/avr5\libgcc.a(_fpcmp_parts_sf.o)
 *(.bss*)
 *(COMMON)
 COMMON         0x00800068        0x2 ./src/Adc.o
                0x00800068                Adc_Callback
 COMMON         0x0080006a        0x6 ./src/ExtInterrupt.o
                0x0080006a                ExtInterrupt_INT1Callback
                0x0080006c                ExtInterrupt_INT0Callback
                0x0080006e                ExtInterrupt_INT2Callback
 COMMON         0x00800070        0xe ./src/Gpt.o
                0x00800070                Gpt_Timer0_Callback_Ctc
                0x00800072                Gpt_Timer2_Callback_Ctc
                0x00800074                Gpt_Timer1B_Callback_Ctc
                0x00800076                Gpt_Timer2_Callback_Normal
                0x00800078                Gpt_Timer1A_Callback_Ctc
                0x0080007a                Gpt_Timer0_Callback_Normal
                0x0080007c                Gpt_Timer1_Callback_Normal
                0x0080007e                PROVIDE (__bss_end, .)
                0x00004c98                __data_load_start = LOADADDR (.data)
                0x00004ca0                __data_load_end = (__data_load_start + SIZEOF (.data))

.noinit         0x0080007e        0x0
                0x0080007e                PROVIDE (__noinit_start, .)
 *(.noinit*)
                0x0080007e                PROVIDE (__noinit_end, .)
                0x0080007e                _end = .
                0x0080007e                PROVIDE (__heap_start, .)

.eeprom         0x00810000        0x0
 *(.eeprom*)
                0x00810000                __eeprom_end = .

.fuse
 *(.fuse)
 *(.lfuse)
 *(.hfuse)
 *(.efuse)

.lock
 *(.lock*)

.signature
 *(.signature*)

.stab           0x00000000     0x4e18
 *(.stab)
 .stab          0x00000000      0x45c ./src/Adc.o
 .stab          0x0000045c      0x888 ./src/DIO.o
                                0x924 (size before relaxing)
 .stab          0x00000ce4      0x228 ./src/EEPROM.o
                                0x2c4 (size before relaxing)
 .stab          0x00000f0c      0x15c ./src/ExtInterrupt.o
                                0x1f8 (size before relaxing)
 .stab          0x00001068      0x144 ./src/GlobalInterrupt.o
                                0x1e0 (size before relaxing)
 .stab          0x000011ac     0x1164 ./src/Gpt.o
                               0x1200 (size before relaxing)
 .stab          0x00002310      0x27c ./src/I2C.o
                                0x318 (size before relaxing)
 .stab          0x0000258c      0x57c ./src/Keypad.o
                                0x684 (size before relaxing)
 .stab          0x00002b08      0xbe8 ./src/LCD.o
                                0xcf0 (size before relaxing)
 .stab          0x000036f0      0x1ec ./src/SPI.o
                                0x2f4 (size before relaxing)
 .stab          0x000038dc      0x570 ./src/SSD.o
                                0x678 (size before relaxing)
 .stab          0x00003e4c      0x918 ./src/Spt.o
                                0x9b4 (size before relaxing)
 .stab          0x00004764      0x378 ./src/UART.o
                                0x414 (size before relaxing)
 .stab          0x00004adc      0x18c ./src/WDT.o
                                0x228 (size before relaxing)
 .stab          0x00004c68      0x1b0 ./main.o
                                0x69c (size before relaxing)

.stabstr        0x00000000     0x2381
 *(.stabstr)
 .stabstr       0x00000000     0x2381 ./src/Adc.o

.stab.excl
 *(.stab.excl)

.stab.exclstr
 *(.stab.exclstr)

.stab.index
 *(.stab.index)

.stab.indexstr
 *(.stab.indexstr)

.comment
 *(.comment)

.debug
 *(.debug)

.line
 *(.line)

.debug_srcinfo
 *(.debug_srcinfo)

.debug_sfnames
 *(.debug_sfnames)

.debug_aranges  0x00000000      0x140
 *(.debug_aranges)
 .debug_aranges
                0x00000000       0x20 c:/users/ascom/downloads/embedded/imt_sdk_win_64/winavr/bin/../lib/gcc/avr/4.3.3/avr5\libgcc.a(_fixunssfsi.o)
 .debug_aranges
                0x00000020       0x20 c:/users/ascom/downloads/embedded/imt_sdk_win_64/winavr/bin/../lib/gcc/avr/4.3.3/avr5\libgcc.a(_addsub_sf.o)
 .debug_aranges
                0x00000040       0x20 c:/users/ascom/downloads/embedded/imt_sdk_win_64/winavr/bin/../lib/gcc/avr/4.3.3/avr5\libgcc.a(_mul_sf.o)
 .debug_aranges
                0x00000060       0x20 c:/users/ascom/downloads/embedded/imt_sdk_win_64/winavr/bin/../lib/gcc/avr/4.3.3/avr5\libgcc.a(_gt_sf.o)
 .debug_aranges
                0x00000080       0x20 c:/users/ascom/downloads/embedded/imt_sdk_win_64/winavr/bin/../lib/gcc/avr/4.3.3/avr5\libgcc.a(_ge_sf.o)
 .debug_aranges
                0x000000a0       0x20 c:/users/ascom/downloads/embedded/imt_sdk_win_64/winavr/bin/../lib/gcc/avr/4.3.3/avr5\libgcc.a(_lt_sf.o)
 .debug_aranges
                0x000000c0       0x20 c:/users/ascom/downloads/embedded/imt_sdk_win_64/winavr/bin/../lib/gcc/avr/4.3.3/avr5\libgcc.a(_sf_to_si.o)
 .debug_aranges
                0x000000e0       0x20 c:/users/ascom/downloads/embedded/imt_sdk_win_64/winavr/bin/../lib/gcc/avr/4.3.3/avr5\libgcc.a(_pack_sf.o)
 .debug_aranges
                0x00000100       0x20 c:/users/ascom/downloads/embedded/imt_sdk_win_64/winavr/bin/../lib/gcc/avr/4.3.3/avr5\libgcc.a(_unpack_sf.o)
 .debug_aranges
                0x00000120       0x20 c:/users/ascom/downloads/embedded/imt_sdk_win_64/winavr/bin/../lib/gcc/avr/4.3.3/avr5\libgcc.a(_fpcmp_parts_sf.o)

.debug_pubnames
                0x00000000      0x170
 *(.debug_pubnames)
 .debug_pubnames
                0x00000000       0x23 c:/users/ascom/downloads/embedded/imt_sdk_win_64/winavr/bin/../lib/gcc/avr/4.3.3/avr5\libgcc.a(_fixunssfsi.o)
 .debug_pubnames
                0x00000023       0x2c c:/users/ascom/downloads/embedded/imt_sdk_win_64/winavr/bin/../lib/gcc/avr/4.3.3/avr5\libgcc.a(_addsub_sf.o)
 .debug_pubnames
                0x0000004f       0x1f c:/users/ascom/downloads/embedded/imt_sdk_win_64/winavr/bin/../lib/gcc/avr/4.3.3/avr5\libgcc.a(_mul_sf.o)
 .debug_pubnames
                0x0000006e       0x1e c:/users/ascom/downloads/embedded/imt_sdk_win_64/winavr/bin/../lib/gcc/avr/4.3.3/avr5\libgcc.a(_gt_sf.o)
 .debug_pubnames
                0x0000008c       0x1e c:/users/ascom/downloads/embedded/imt_sdk_win_64/winavr/bin/../lib/gcc/avr/4.3.3/avr5\libgcc.a(_ge_sf.o)
 .debug_pubnames
                0x000000aa       0x1e c:/users/ascom/downloads/embedded/imt_sdk_win_64/winavr/bin/../lib/gcc/avr/4.3.3/avr5\libgcc.a(_lt_sf.o)
 .debug_pubnames
                0x000000c8       0x20 c:/users/ascom/downloads/embedded/imt_sdk_win_64/winavr/bin/../lib/gcc/avr/4.3.3/avr5\libgcc.a(_sf_to_si.o)
 .debug_pubnames
                0x000000e8       0x22 c:/users/ascom/downloads/embedded/imt_sdk_win_64/winavr/bin/../lib/gcc/avr/4.3.3/avr5\libgcc.a(_thenan_sf.o)
 .debug_pubnames
                0x0000010a       0x1f c:/users/ascom/downloads/embedded/imt_sdk_win_64/winavr/bin/../lib/gcc/avr/4.3.3/avr5\libgcc.a(_pack_sf.o)
 .debug_pubnames
                0x00000129       0x21 c:/users/ascom/downloads/embedded/imt_sdk_win_64/winavr/bin/../lib/gcc/avr/4.3.3/avr5\libgcc.a(_unpack_sf.o)
 .debug_pubnames
                0x0000014a       0x26 c:/users/ascom/downloads/embedded/imt_sdk_win_64/winavr/bin/../lib/gcc/avr/4.3.3/avr5\libgcc.a(_fpcmp_parts_sf.o)

.debug_info     0x00000000     0x1c49
 *(.debug_info)
 .debug_info    0x00000000       0xb1 c:/users/ascom/downloads/embedded/imt_sdk_win_64/winavr/bin/../lib/gcc/avr/4.3.3/avr5\libgcc.a(_fixunssfsi.o)
 .debug_info    0x000000b1      0x47a c:/users/ascom/downloads/embedded/imt_sdk_win_64/winavr/bin/../lib/gcc/avr/4.3.3/avr5\libgcc.a(_addsub_sf.o)
 .debug_info    0x0000052b      0x485 c:/users/ascom/downloads/embedded/imt_sdk_win_64/winavr/bin/../lib/gcc/avr/4.3.3/avr5\libgcc.a(_mul_sf.o)
 .debug_info    0x000009b0      0x27f c:/users/ascom/downloads/embedded/imt_sdk_win_64/winavr/bin/../lib/gcc/avr/4.3.3/avr5\libgcc.a(_gt_sf.o)
 .debug_info    0x00000c2f      0x27f c:/users/ascom/downloads/embedded/imt_sdk_win_64/winavr/bin/../lib/gcc/avr/4.3.3/avr5\libgcc.a(_ge_sf.o)
 .debug_info    0x00000eae      0x27f c:/users/ascom/downloads/embedded/imt_sdk_win_64/winavr/bin/../lib/gcc/avr/4.3.3/avr5\libgcc.a(_lt_sf.o)
 .debug_info    0x0000112d      0x2b0 c:/users/ascom/downloads/embedded/imt_sdk_win_64/winavr/bin/../lib/gcc/avr/4.3.3/avr5\libgcc.a(_sf_to_si.o)
 .debug_info    0x000013dd      0x12c c:/users/ascom/downloads/embedded/imt_sdk_win_64/winavr/bin/../lib/gcc/avr/4.3.3/avr5\libgcc.a(_thenan_sf.o)
 .debug_info    0x00001509      0x2df c:/users/ascom/downloads/embedded/imt_sdk_win_64/winavr/bin/../lib/gcc/avr/4.3.3/avr5\libgcc.a(_pack_sf.o)
 .debug_info    0x000017e8      0x251 c:/users/ascom/downloads/embedded/imt_sdk_win_64/winavr/bin/../lib/gcc/avr/4.3.3/avr5\libgcc.a(_unpack_sf.o)
 .debug_info    0x00001a39      0x210 c:/users/ascom/downloads/embedded/imt_sdk_win_64/winavr/bin/../lib/gcc/avr/4.3.3/avr5\libgcc.a(_fpcmp_parts_sf.o)
 *(.gnu.linkonce.wi.*)

.debug_abbrev   0x00000000      0xeeb
 *(.debug_abbrev)
 .debug_abbrev  0x00000000       0x5d c:/users/ascom/downloads/embedded/imt_sdk_win_64/winavr/bin/../lib/gcc/avr/4.3.3/avr5\libgcc.a(_fixunssfsi.o)
 .debug_abbrev  0x0000005d      0x1ea c:/users/ascom/downloads/embedded/imt_sdk_win_64/winavr/bin/../lib/gcc/avr/4.3.3/avr5\libgcc.a(_addsub_sf.o)
 .debug_abbrev  0x00000247      0x21b c:/users/ascom/downloads/embedded/imt_sdk_win_64/winavr/bin/../lib/gcc/avr/4.3.3/avr5\libgcc.a(_mul_sf.o)
 .debug_abbrev  0x00000462      0x15a c:/users/ascom/downloads/embedded/imt_sdk_win_64/winavr/bin/../lib/gcc/avr/4.3.3/avr5\libgcc.a(_gt_sf.o)
 .debug_abbrev  0x000005bc      0x15a c:/users/ascom/downloads/embedded/imt_sdk_win_64/winavr/bin/../lib/gcc/avr/4.3.3/avr5\libgcc.a(_ge_sf.o)
 .debug_abbrev  0x00000716      0x15a c:/users/ascom/downloads/embedded/imt_sdk_win_64/winavr/bin/../lib/gcc/avr/4.3.3/avr5\libgcc.a(_lt_sf.o)
 .debug_abbrev  0x00000870      0x17f c:/users/ascom/downloads/embedded/imt_sdk_win_64/winavr/bin/../lib/gcc/avr/4.3.3/avr5\libgcc.a(_sf_to_si.o)
 .debug_abbrev  0x000009ef       0xad c:/users/ascom/downloads/embedded/imt_sdk_win_64/winavr/bin/../lib/gcc/avr/4.3.3/avr5\libgcc.a(_thenan_sf.o)
 .debug_abbrev  0x00000a9c      0x1c0 c:/users/ascom/downloads/embedded/imt_sdk_win_64/winavr/bin/../lib/gcc/avr/4.3.3/avr5\libgcc.a(_pack_sf.o)
 .debug_abbrev  0x00000c5c      0x154 c:/users/ascom/downloads/embedded/imt_sdk_win_64/winavr/bin/../lib/gcc/avr/4.3.3/avr5\libgcc.a(_unpack_sf.o)
 .debug_abbrev  0x00000db0      0x13b c:/users/ascom/downloads/embedded/imt_sdk_win_64/winavr/bin/../lib/gcc/avr/4.3.3/avr5\libgcc.a(_fpcmp_parts_sf.o)

.debug_line     0x00000000      0xdad
 *(.debug_line)
 .debug_line    0x00000000       0xa7 c:/users/ascom/downloads/embedded/imt_sdk_win_64/winavr/bin/../lib/gcc/avr/4.3.3/avr5\libgcc.a(_fixunssfsi.o)
 .debug_line    0x000000a7      0x2af c:/users/ascom/downloads/embedded/imt_sdk_win_64/winavr/bin/../lib/gcc/avr/4.3.3/avr5\libgcc.a(_addsub_sf.o)
 .debug_line    0x00000356      0x239 c:/users/ascom/downloads/embedded/imt_sdk_win_64/winavr/bin/../lib/gcc/avr/4.3.3/avr5\libgcc.a(_mul_sf.o)
 .debug_line    0x0000058f       0xd3 c:/users/ascom/downloads/embedded/imt_sdk_win_64/winavr/bin/../lib/gcc/avr/4.3.3/avr5\libgcc.a(_gt_sf.o)
 .debug_line    0x00000662       0xd3 c:/users/ascom/downloads/embedded/imt_sdk_win_64/winavr/bin/../lib/gcc/avr/4.3.3/avr5\libgcc.a(_ge_sf.o)
 .debug_line    0x00000735       0xd3 c:/users/ascom/downloads/embedded/imt_sdk_win_64/winavr/bin/../lib/gcc/avr/4.3.3/avr5\libgcc.a(_lt_sf.o)
 .debug_line    0x00000808      0x109 c:/users/ascom/downloads/embedded/imt_sdk_win_64/winavr/bin/../lib/gcc/avr/4.3.3/avr5\libgcc.a(_sf_to_si.o)
 .debug_line    0x00000911       0x90 c:/users/ascom/downloads/embedded/imt_sdk_win_64/winavr/bin/../lib/gcc/avr/4.3.3/avr5\libgcc.a(_thenan_sf.o)
 .debug_line    0x000009a1      0x18a c:/users/ascom/downloads/embedded/imt_sdk_win_64/winavr/bin/../lib/gcc/avr/4.3.3/avr5\libgcc.a(_pack_sf.o)
 .debug_line    0x00000b2b      0x14b c:/users/ascom/downloads/embedded/imt_sdk_win_64/winavr/bin/../lib/gcc/avr/4.3.3/avr5\libgcc.a(_unpack_sf.o)
 .debug_line    0x00000c76      0x137 c:/users/ascom/downloads/embedded/imt_sdk_win_64/winavr/bin/../lib/gcc/avr/4.3.3/avr5\libgcc.a(_fpcmp_parts_sf.o)

.debug_frame    0x00000000      0x160
 *(.debug_frame)
 .debug_frame   0x00000000       0x20 c:/users/ascom/downloads/embedded/imt_sdk_win_64/winavr/bin/../lib/gcc/avr/4.3.3/avr5\libgcc.a(_fixunssfsi.o)
 .debug_frame   0x00000020       0x40 c:/users/ascom/downloads/embedded/imt_sdk_win_64/winavr/bin/../lib/gcc/avr/4.3.3/avr5\libgcc.a(_addsub_sf.o)
 .debug_frame   0x00000060       0x20 c:/users/ascom/downloads/embedded/imt_sdk_win_64/winavr/bin/../lib/gcc/avr/4.3.3/avr5\libgcc.a(_mul_sf.o)
 .debug_frame   0x00000080       0x20 c:/users/ascom/downloads/embedded/imt_sdk_win_64/winavr/bin/../lib/gcc/avr/4.3.3/avr5\libgcc.a(_gt_sf.o)
 .debug_frame   0x000000a0       0x20 c:/users/ascom/downloads/embedded/imt_sdk_win_64/winavr/bin/../lib/gcc/avr/4.3.3/avr5\libgcc.a(_ge_sf.o)
 .debug_frame   0x000000c0       0x20 c:/users/ascom/downloads/embedded/imt_sdk_win_64/winavr/bin/../lib/gcc/avr/4.3.3/avr5\libgcc.a(_lt_sf.o)
 .debug_frame   0x000000e0       0x20 c:/users/ascom/downloads/embedded/imt_sdk_win_64/winavr/bin/../lib/gcc/avr/4.3.3/avr5\libgcc.a(_sf_to_si.o)
 .debug_frame   0x00000100       0x20 c:/users/ascom/downloads/embedded/imt_sdk_win_64/winavr/bin/../lib/gcc/avr/4.3.3/avr5\libgcc.a(_pack_sf.o)
 .debug_frame   0x00000120       0x20 c:/users/ascom/downloads/embedded/imt_sdk_win_64/winavr/bin/../lib/gcc/avr/4.3.3/avr5\libgcc.a(_unpack_sf.o)
 .debug_frame   0x00000140       0x20 c:/users/ascom/downloads/embedded/imt_sdk_win_64/winavr/bin/../lib/gcc/avr/4.3.3/avr5\libgcc.a(_fpcmp_parts_sf.o)

.debug_str      0x00000000      0x28d
 *(.debug_str)
 .debug_str     0x00000000       0xbf c:/users/ascom/downloads/embedded/imt_sdk_win_64/winavr/bin/../lib/gcc/avr/4.3.3/avr5\libgcc.a(_fixunssfsi.o)
                                 0xfe (size before relaxing)
 .debug_str     0x000000bf      0x14d c:/users/ascom/downloads/embedded/imt_sdk_win_64/winavr/bin/../lib/gcc/avr/4.3.3/avr5\libgcc.a(_addsub_sf.o)
                                0x206 (size before relaxing)
 .debug_str     0x0000020c       0x27 c:/users/ascom/downloads/embedded/imt_sdk_win_64/winavr/bin/../lib/gcc/avr/4.3.3/avr5\libgcc.a(_mul_sf.o)
                                0x1bf (size before relaxing)
 .debug_str     0x00000233        0xf c:/users/ascom/downloads/embedded/imt_sdk_win_64/winavr/bin/../lib/gcc/avr/4.3.3/avr5\libgcc.a(_gt_sf.o)
                                0x195 (size before relaxing)
 .debug_str     0x00000242        0x8 c:/users/ascom/downloads/embedded/imt_sdk_win_64/winavr/bin/../lib/gcc/avr/4.3.3/avr5\libgcc.a(_ge_sf.o)
                                0x195 (size before relaxing)
 .debug_str     0x0000024a        0x8 c:/users/ascom/downloads/embedded/imt_sdk_win_64/winavr/bin/../lib/gcc/avr/4.3.3/avr5\libgcc.a(_lt_sf.o)
                                0x195 (size before relaxing)
 .debug_str     0x00000252        0xa c:/users/ascom/downloads/embedded/imt_sdk_win_64/winavr/bin/../lib/gcc/avr/4.3.3/avr5\libgcc.a(_sf_to_si.o)
                                0x19e (size before relaxing)
 .debug_str     0x00000000      0x103 c:/users/ascom/downloads/embedded/imt_sdk_win_64/winavr/bin/../lib/gcc/avr/4.3.3/avr5\libgcc.a(_thenan_sf.o)
 .debug_str     0x0000025c       0x16 c:/users/ascom/downloads/embedded/imt_sdk_win_64/winavr/bin/../lib/gcc/avr/4.3.3/avr5\libgcc.a(_pack_sf.o)
                                0x19d (size before relaxing)
 .debug_str     0x00000272        0xb c:/users/ascom/downloads/embedded/imt_sdk_win_64/winavr/bin/../lib/gcc/avr/4.3.3/avr5\libgcc.a(_unpack_sf.o)
                                0x17f (size before relaxing)
 .debug_str     0x0000027d       0x10 c:/users/ascom/downloads/embedded/imt_sdk_win_64/winavr/bin/../lib/gcc/avr/4.3.3/avr5\libgcc.a(_fpcmp_parts_sf.o)
                                0x163 (size before relaxing)

.debug_loc      0x00000000      0x7ce
 *(.debug_loc)
 .debug_loc     0x00000000       0x34 c:/users/ascom/downloads/embedded/imt_sdk_win_64/winavr/bin/../lib/gcc/avr/4.3.3/avr5\libgcc.a(_fixunssfsi.o)
 .debug_loc     0x00000034      0x32a c:/users/ascom/downloads/embedded/imt_sdk_win_64/winavr/bin/../lib/gcc/avr/4.3.3/avr5\libgcc.a(_addsub_sf.o)
 .debug_loc     0x0000035e      0x104 c:/users/ascom/downloads/embedded/imt_sdk_win_64/winavr/bin/../lib/gcc/avr/4.3.3/avr5\libgcc.a(_mul_sf.o)
 .debug_loc     0x00000462       0x3c c:/users/ascom/downloads/embedded/imt_sdk_win_64/winavr/bin/../lib/gcc/avr/4.3.3/avr5\libgcc.a(_gt_sf.o)
 .debug_loc     0x0000049e       0x3c c:/users/ascom/downloads/embedded/imt_sdk_win_64/winavr/bin/../lib/gcc/avr/4.3.3/avr5\libgcc.a(_ge_sf.o)
 .debug_loc     0x000004da       0x3c c:/users/ascom/downloads/embedded/imt_sdk_win_64/winavr/bin/../lib/gcc/avr/4.3.3/avr5\libgcc.a(_lt_sf.o)
 .debug_loc     0x00000516       0x7e c:/users/ascom/downloads/embedded/imt_sdk_win_64/winavr/bin/../lib/gcc/avr/4.3.3/avr5\libgcc.a(_sf_to_si.o)
 .debug_loc     0x00000594      0x13e c:/users/ascom/downloads/embedded/imt_sdk_win_64/winavr/bin/../lib/gcc/avr/4.3.3/avr5\libgcc.a(_pack_sf.o)
 .debug_loc     0x000006d2       0xac c:/users/ascom/downloads/embedded/imt_sdk_win_64/winavr/bin/../lib/gcc/avr/4.3.3/avr5\libgcc.a(_unpack_sf.o)
 .debug_loc     0x0000077e       0x50 c:/users/ascom/downloads/embedded/imt_sdk_win_64/winavr/bin/../lib/gcc/avr/4.3.3/avr5\libgcc.a(_fpcmp_parts_sf.o)

.debug_macinfo
 *(.debug_macinfo)
OUTPUT(Project.elf elf32-avr)
LOAD linker stubs

.debug_ranges   0x00000000       0x50
 .debug_ranges  0x00000000       0x50 c:/users/ascom/downloads/embedded/imt_sdk_win_64/winavr/bin/../lib/gcc/avr/4.3.3/avr5\libgcc.a(_mul_sf.o)
