Archive member included because of file (symbol)

c:/users/ascom/downloads/embedded/imt_sdk_win_64/winavr/bin/../lib/gcc/avr/4.3.3/avr5\libgcc.a(_udivmodqi4.o)
                              ./src/Calculator.o (__udivmodqi4)
c:/users/ascom/downloads/embedded/imt_sdk_win_64/winavr/bin/../lib/gcc/avr/4.3.3/avr5\libgcc.a(_udivmodhi4.o)
                              ./src/LCD.o (__udivmodhi4)
c:/users/ascom/downloads/embedded/imt_sdk_win_64/winavr/bin/../lib/gcc/avr/4.3.3/avr5\libgcc.a(_divmodhi4.o)
                              ./src/LCD.o (__divmodhi4)
c:/users/ascom/downloads/embedded/imt_sdk_win_64/winavr/bin/../lib/gcc/avr/4.3.3/avr5\libgcc.a(_exit.o)
                              c:/users/ascom/downloads/embedded/imt_sdk_win_64/winavr/bin/../lib/gcc/avr/4.3.3/../../../../avr/lib/avr5/crtm32.o (exit)
c:/users/ascom/downloads/embedded/imt_sdk_win_64/winavr/bin/../lib/gcc/avr/4.3.3/avr5\libgcc.a(_copy_data.o)
                              ./src/Calculator.o (__do_copy_data)
c:/users/ascom/downloads/embedded/imt_sdk_win_64/winavr/bin/../lib/gcc/avr/4.3.3/avr5\libgcc.a(_clear_bss.o)
                              ./src/ExtInterrupt.o (__do_clear_bss)
c:/users/ascom/downloads/embedded/imt_sdk_win_64/winavr/bin/../lib/gcc/avr/4.3.3/avr5\libgcc.a(_fixunssfsi.o)
                              ./src/LCD.o (__fixunssfsi)
c:/users/ascom/downloads/embedded/imt_sdk_win_64/winavr/bin/../lib/gcc/avr/4.3.3/avr5\libgcc.a(_addsub_sf.o)
                              c:/users/ascom/downloads/embedded/imt_sdk_win_64/winavr/bin/../lib/gcc/avr/4.3.3/avr5\libgcc.a(_fixunssfsi.o) (__subsf3)
c:/users/ascom/downloads/embedded/imt_sdk_win_64/winavr/bin/../lib/gcc/avr/4.3.3/avr5\libgcc.a(_mul_sf.o)
                              ./src/LCD.o (__mulsf3)
c:/users/ascom/downloads/embedded/imt_sdk_win_64/winavr/bin/../lib/gcc/avr/4.3.3/avr5\libgcc.a(_gt_sf.o)
                              ./src/LCD.o (__gtsf2)
c:/users/ascom/downloads/embedded/imt_sdk_win_64/winavr/bin/../lib/gcc/avr/4.3.3/avr5\libgcc.a(_ge_sf.o)
                              c:/users/ascom/downloads/embedded/imt_sdk_win_64/winavr/bin/../lib/gcc/avr/4.3.3/avr5\libgcc.a(_fixunssfsi.o) (__gesf2)
c:/users/ascom/downloads/embedded/imt_sdk_win_64/winavr/bin/../lib/gcc/avr/4.3.3/avr5\libgcc.a(_lt_sf.o)
                              ./src/LCD.o (__ltsf2)
c:/users/ascom/downloads/embedded/imt_sdk_win_64/winavr/bin/../lib/gcc/avr/4.3.3/avr5\libgcc.a(_sf_to_si.o)
                              c:/users/ascom/downloads/embedded/imt_sdk_win_64/winavr/bin/../lib/gcc/avr/4.3.3/avr5\libgcc.a(_fixunssfsi.o) (__fixsfsi)
c:/users/ascom/downloads/embedded/imt_sdk_win_64/winavr/bin/../lib/gcc/avr/4.3.3/avr5\libgcc.a(_thenan_sf.o)
                              c:/users/ascom/downloads/embedded/imt_sdk_win_64/winavr/bin/../lib/gcc/avr/4.3.3/avr5\libgcc.a(_addsub_sf.o) (__thenan_sf)
c:/users/ascom/downloads/embedded/imt_sdk_win_64/winavr/bin/../lib/gcc/avr/4.3.3/avr5\libgcc.a(_prologue.o)
                              c:/users/ascom/downloads/embedded/imt_sdk_win_64/winavr/bin/../lib/gcc/avr/4.3.3/avr5\libgcc.a(_addsub_sf.o) (__prologue_saves__)
c:/users/ascom/downloads/embedded/imt_sdk_win_64/winavr/bin/../lib/gcc/avr/4.3.3/avr5\libgcc.a(_epilogue.o)
                              c:/users/ascom/downloads/embedded/imt_sdk_win_64/winavr/bin/../lib/gcc/avr/4.3.3/avr5\libgcc.a(_addsub_sf.o) (__epilogue_restores__)
c:/users/ascom/downloads/embedded/imt_sdk_win_64/winavr/bin/../lib/gcc/avr/4.3.3/avr5\libgcc.a(_pack_sf.o)
                              c:/users/ascom/downloads/embedded/imt_sdk_win_64/winavr/bin/../lib/gcc/avr/4.3.3/avr5\libgcc.a(_addsub_sf.o) (__pack_f)
c:/users/ascom/downloads/embedded/imt_sdk_win_64/winavr/bin/../lib/gcc/avr/4.3.3/avr5\libgcc.a(_unpack_sf.o)
                              c:/users/ascom/downloads/embedded/imt_sdk_win_64/winavr/bin/../lib/gcc/avr/4.3.3/avr5\libgcc.a(_addsub_sf.o) (__unpack_f)
c:/users/ascom/downloads/embedded/imt_sdk_win_64/winavr/bin/../lib/gcc/avr/4.3.3/avr5\libgcc.a(_fpcmp_parts_sf.o)
                              c:/users/ascom/downloads/embedded/imt_sdk_win_64/winavr/bin/../lib/gcc/avr/4.3.3/avr5\libgcc.a(_gt_sf.o) (__fpcmp_parts_f)

Allocating common symbols
Common symbol       size              file

ExtInterrupt_INT1Callback
                    0x2               ./src/ExtInterrupt.o
Gpt_Timer0_Callback_Ctc
                    0x2               ./src/Gpt.o
ExtInterrupt_INT0Callback
                    0x2               ./src/ExtInterrupt.o
Gpt_Timer2_Callback_Ctc
                    0x2               ./src/Gpt.o
Gpt_Timer1B_Callback_Ctc
                    0x2               ./src/Gpt.o
Gpt_Timer2_Callback_Normal
                    0x2               ./src/Gpt.o
Gpt_Timer1A_Callback_Ctc
                    0x2               ./src/Gpt.o
Gpt_Timer0_Callback_Normal
                    0x2               ./src/Gpt.o
ExtInterrupt_INT2Callback
                    0x2               ./src/ExtInterrupt.o
Gpt_Timer1_Callback_Normal
                    0x2               ./src/Gpt.o
prayerstime         0xa               ./main.o

Memory Configuration

Name             Origin             Length             Attributes
text             0x00000000         0x00020000         xr
data             0x00800060         0x0000ffa0         rw !x
eeprom           0x00810000         0x00010000         rw !x
fuse             0x00820000         0x00000400         rw !x
lock             0x00830000         0x00000400         rw !x
signature        0x00840000         0x00000400         rw !x
*default*        0x00000000         0xffffffff

Linker script and memory map

LOAD c:/users/ascom/downloads/embedded/imt_sdk_win_64/winavr/bin/../lib/gcc/avr/4.3.3/../../../../avr/lib/avr5/crtm32.o
LOAD ./src/Calculator.o
LOAD ./src/DIO.o
LOAD ./src/EEPROM.o
LOAD ./src/ExtInterrupt.o
LOAD ./src/GlobalInterrupt.o
LOAD ./src/Gpt.o
LOAD ./src/I2C.o
LOAD ./src/Keypad.o
LOAD ./src/LCD.o
LOAD ./src/Spt.o
LOAD ./src/Time_Table.o
LOAD ./src/UART.o
LOAD ./main.o
LOAD c:/users/ascom/downloads/embedded/imt_sdk_win_64/winavr/bin/../lib/gcc/avr/4.3.3/avr5\libgcc.a
LOAD c:/users/ascom/downloads/embedded/imt_sdk_win_64/winavr/bin/../lib/gcc/avr/4.3.3/../../../../avr/lib/avr5\libc.a
LOAD c:/users/ascom/downloads/embedded/imt_sdk_win_64/winavr/bin/../lib/gcc/avr/4.3.3/avr5\libgcc.a

.hash
 *(.hash)

.dynsym
 *(.dynsym)

.dynstr
 *(.dynstr)

.gnu.version
 *(.gnu.version)

.gnu.version_d
 *(.gnu.version_d)

.gnu.version_r
 *(.gnu.version_r)

.rel.init
 *(.rel.init)

.rela.init
 *(.rela.init)

.rel.text
 *(.rel.text)
 *(.rel.text.*)
 *(.rel.gnu.linkonce.t*)

.rela.text
 *(.rela.text)
 *(.rela.text.*)
 *(.rela.gnu.linkonce.t*)

.rel.fini
 *(.rel.fini)

.rela.fini
 *(.rela.fini)

.rel.rodata
 *(.rel.rodata)
 *(.rel.rodata.*)
 *(.rel.gnu.linkonce.r*)

.rela.rodata
 *(.rela.rodata)
 *(.rela.rodata.*)
 *(.rela.gnu.linkonce.r*)

.rel.data
 *(.rel.data)
 *(.rel.data.*)
 *(.rel.gnu.linkonce.d*)

.rela.data
 *(.rela.data)
 *(.rela.data.*)
 *(.rela.gnu.linkonce.d*)

.rel.ctors
 *(.rel.ctors)

.rela.ctors
 *(.rela.ctors)

.rel.dtors
 *(.rel.dtors)

.rela.dtors
 *(.rela.dtors)

.rel.got
 *(.rel.got)

.rela.got
 *(.rela.got)

.rel.bss
 *(.rel.bss)

.rela.bss
 *(.rela.bss)

.rel.plt
 *(.rel.plt)

.rela.plt
 *(.rela.plt)

.text           0x00000000     0x7b48
 *(.vectors)
 .vectors       0x00000000       0x54 c:/users/ascom/downloads/embedded/imt_sdk_win_64/winavr/bin/../lib/gcc/avr/4.3.3/../../../../avr/lib/avr5/crtm32.o
                0x00000000                __vectors
                0x00000000                __vector_default
 *(.vectors)
 *(.progmem.gcc*)
 *(.progmem*)
                0x00000054                . = ALIGN (0x2)
                0x00000054                __trampolines_start = .
 *(.trampolines)
 .trampolines   0x00000054        0x0 linker stubs
 *(.trampolines*)
                0x00000054                __trampolines_end = .
 *(.jumptables)
 *(.jumptables*)
 *(.lowtext)
 *(.lowtext*)
                0x00000054                __ctors_start = .
 *(.ctors)
                0x00000054                __ctors_end = .
                0x00000054                __dtors_start = .
 *(.dtors)
                0x00000054                __dtors_end = .
 SORT(*)(.ctors)
 SORT(*)(.dtors)
 *(.init0)
 .init0         0x00000054        0x0 c:/users/ascom/downloads/embedded/imt_sdk_win_64/winavr/bin/../lib/gcc/avr/4.3.3/../../../../avr/lib/avr5/crtm32.o
                0x00000054                __init
 *(.init0)
 *(.init1)
 *(.init1)
 *(.init2)
 .init2         0x00000054        0xc c:/users/ascom/downloads/embedded/imt_sdk_win_64/winavr/bin/../lib/gcc/avr/4.3.3/../../../../avr/lib/avr5/crtm32.o
 *(.init2)
 *(.init3)
 *(.init3)
 *(.init4)
 .init4         0x00000060       0x16 c:/users/ascom/downloads/embedded/imt_sdk_win_64/winavr/bin/../lib/gcc/avr/4.3.3/avr5\libgcc.a(_copy_data.o)
                0x00000060                __do_copy_data
 .init4         0x00000076       0x10 c:/users/ascom/downloads/embedded/imt_sdk_win_64/winavr/bin/../lib/gcc/avr/4.3.3/avr5\libgcc.a(_clear_bss.o)
                0x00000076                __do_clear_bss
 *(.init4)
 *(.init5)
 *(.init5)
 *(.init6)
 *(.init6)
 *(.init7)
 *(.init7)
 *(.init8)
 *(.init8)
 *(.init9)
 .init9         0x00000086        0x8 c:/users/ascom/downloads/embedded/imt_sdk_win_64/winavr/bin/../lib/gcc/avr/4.3.3/../../../../avr/lib/avr5/crtm32.o
 *(.init9)
 *(.text)
 .text          0x0000008e        0x4 c:/users/ascom/downloads/embedded/imt_sdk_win_64/winavr/bin/../lib/gcc/avr/4.3.3/../../../../avr/lib/avr5/crtm32.o
                0x0000008e                __vector_1
                0x0000008e                __vector_12
                0x0000008e                __bad_interrupt
                0x0000008e                __vector_6
                0x0000008e                __vector_3
                0x0000008e                __vector_13
                0x0000008e                __vector_17
                0x0000008e                __vector_19
                0x0000008e                __vector_2
                0x0000008e                __vector_15
                0x0000008e                __vector_14
                0x0000008e                __vector_16
                0x0000008e                __vector_18
                0x0000008e                __vector_20
 .text          0x00000092        0x0 ./src/Calculator.o
 .text          0x00000092        0x0 ./src/DIO.o
 .text          0x00000092        0x0 ./src/EEPROM.o
 .text          0x00000092        0x0 ./src/ExtInterrupt.o
 .text          0x00000092        0x0 ./src/GlobalInterrupt.o
 .text          0x00000092        0x0 ./src/Gpt.o
 .text          0x00000092        0x0 ./src/I2C.o
 .text          0x00000092        0x0 ./src/Keypad.o
 .text          0x00000092        0x0 ./src/LCD.o
 .text          0x00000092        0x0 ./src/Spt.o
 .text          0x00000092        0x0 ./src/Time_Table.o
 .text          0x00000092        0x0 ./src/UART.o
 .text          0x00000092        0x0 ./main.o
 .text          0x00000092        0x0 c:/users/ascom/downloads/embedded/imt_sdk_win_64/winavr/bin/../lib/gcc/avr/4.3.3/avr5\libgcc.a(_udivmodqi4.o)
 .text          0x00000092        0x0 c:/users/ascom/downloads/embedded/imt_sdk_win_64/winavr/bin/../lib/gcc/avr/4.3.3/avr5\libgcc.a(_udivmodhi4.o)
 .text          0x00000092        0x0 c:/users/ascom/downloads/embedded/imt_sdk_win_64/winavr/bin/../lib/gcc/avr/4.3.3/avr5\libgcc.a(_divmodhi4.o)
 .text          0x00000092        0x0 c:/users/ascom/downloads/embedded/imt_sdk_win_64/winavr/bin/../lib/gcc/avr/4.3.3/avr5\libgcc.a(_exit.o)
 .text          0x00000092        0x0 c:/users/ascom/downloads/embedded/imt_sdk_win_64/winavr/bin/../lib/gcc/avr/4.3.3/avr5\libgcc.a(_copy_data.o)
 .text          0x00000092        0x0 c:/users/ascom/downloads/embedded/imt_sdk_win_64/winavr/bin/../lib/gcc/avr/4.3.3/avr5\libgcc.a(_clear_bss.o)
 .text          0x00000092       0x58 c:/users/ascom/downloads/embedded/imt_sdk_win_64/winavr/bin/../lib/gcc/avr/4.3.3/avr5\libgcc.a(_fixunssfsi.o)
                0x00000092                __fixunssfsi
 .text          0x000000ea      0x354 c:/users/ascom/downloads/embedded/imt_sdk_win_64/winavr/bin/../lib/gcc/avr/4.3.3/avr5\libgcc.a(_addsub_sf.o)
                0x00000382                __subsf3
                0x000003e4                __addsf3
 .text          0x0000043e      0x1f4 c:/users/ascom/downloads/embedded/imt_sdk_win_64/winavr/bin/../lib/gcc/avr/4.3.3/avr5\libgcc.a(_mul_sf.o)
                0x0000043e                __mulsf3
 .text          0x00000632       0x60 c:/users/ascom/downloads/embedded/imt_sdk_win_64/winavr/bin/../lib/gcc/avr/4.3.3/avr5\libgcc.a(_gt_sf.o)
                0x00000632                __gtsf2
 .text          0x00000692       0x60 c:/users/ascom/downloads/embedded/imt_sdk_win_64/winavr/bin/../lib/gcc/avr/4.3.3/avr5\libgcc.a(_ge_sf.o)
                0x00000692                __gesf2
 .text          0x000006f2       0x60 c:/users/ascom/downloads/embedded/imt_sdk_win_64/winavr/bin/../lib/gcc/avr/4.3.3/avr5\libgcc.a(_lt_sf.o)
                0x000006f2                __ltsf2
 .text          0x00000752       0xa8 c:/users/ascom/downloads/embedded/imt_sdk_win_64/winavr/bin/../lib/gcc/avr/4.3.3/avr5\libgcc.a(_sf_to_si.o)
                0x00000752                __fixsfsi
 .text          0x000007fa        0x0 c:/users/ascom/downloads/embedded/imt_sdk_win_64/winavr/bin/../lib/gcc/avr/4.3.3/avr5\libgcc.a(_thenan_sf.o)
 .text          0x000007fa        0x0 c:/users/ascom/downloads/embedded/imt_sdk_win_64/winavr/bin/../lib/gcc/avr/4.3.3/avr5\libgcc.a(_prologue.o)
 .text          0x000007fa        0x0 c:/users/ascom/downloads/embedded/imt_sdk_win_64/winavr/bin/../lib/gcc/avr/4.3.3/avr5\libgcc.a(_epilogue.o)
 .text          0x000007fa      0x1aa c:/users/ascom/downloads/embedded/imt_sdk_win_64/winavr/bin/../lib/gcc/avr/4.3.3/avr5\libgcc.a(_pack_sf.o)
                0x000007fa                __pack_f
 .text          0x000009a4       0xf0 c:/users/ascom/downloads/embedded/imt_sdk_win_64/winavr/bin/../lib/gcc/avr/4.3.3/avr5\libgcc.a(_unpack_sf.o)
                0x000009a4                __unpack_f
 .text          0x00000a94       0xb2 c:/users/ascom/downloads/embedded/imt_sdk_win_64/winavr/bin/../lib/gcc/avr/4.3.3/avr5\libgcc.a(_fpcmp_parts_sf.o)
                0x00000a94                __fpcmp_parts_f
                0x00000b46                . = ALIGN (0x2)
 *(.text.*)
 .text.Calculator_Run
                0x00000b46      0x18c ./src/Calculator.o
                0x00000b46                Calculator_Run
 .text.Calculator_GetRealNumber
                0x00000cd2       0xee ./src/Calculator.o
                0x00000cd2                Calculator_GetRealNumber
 .text.DIO_SetPinMode
                0x00000dc0      0x420 ./src/DIO.o
                0x00000dc0                DIO_SetPinMode
 .text.DIO_SetPortMode
                0x000011e0      0x1fc ./src/DIO.o
                0x000011e0                DIO_SetPortMode
 .text.DIO_SetPinLevel
                0x000013dc      0x200 ./src/DIO.o
                0x000013dc                DIO_SetPinLevel
 .text.DIO_SetPortLevel
                0x000015dc      0x15e ./src/DIO.o
                0x000015dc                DIO_SetPortLevel
 .text.DIO_ReadPinLevel
                0x0000173a       0xf4 ./src/DIO.o
                0x0000173a                DIO_ReadPinLevel
 .text.DIO_ReadPortLevel
                0x0000182e       0xfc ./src/DIO.o
                0x0000182e                DIO_ReadPortLevel
 .text.EEPROM_Init
                0x0000192a       0x12 ./src/EEPROM.o
                0x0000192a                EEPROM_Init
 .text.EEPROM_Write_Byte
                0x0000193c       0x38 ./src/EEPROM.o
                0x0000193c                EEPROM_Write_Byte
 .text.EEPROM_Read_Byte
                0x00001974       0x3c ./src/EEPROM.o
                0x00001974                EEPROM_Read_Byte
 .text.ExtInterrupt_Init
                0x000019b0       0x3c ./src/ExtInterrupt.o
                0x000019b0                ExtInterrupt_Init
 .text.GlobalInterrupt_Enable
                0x000019ec       0x1c ./src/GlobalInterrupt.o
                0x000019ec                GlobalInterrupt_Enable
 .text.GlobalInterrupt_Disable
                0x00001a08       0x1c ./src/GlobalInterrupt.o
                0x00001a08                GlobalInterrupt_Disable
 .text.__vector_10
                0x00001a24       0x5a ./src/Gpt.o
                0x00001a24                __vector_10
 .text.__vector_11
                0x00001a7e       0x5a ./src/Gpt.o
                0x00001a7e                __vector_11
 .text.__vector_9
                0x00001ad8       0x5a ./src/Gpt.o
                0x00001ad8                __vector_9
 .text.__vector_7
                0x00001b32       0x5a ./src/Gpt.o
                0x00001b32                __vector_7
 .text.__vector_8
                0x00001b8c       0x5a ./src/Gpt.o
                0x00001b8c                __vector_8
 .text.__vector_5
                0x00001be6       0x5a ./src/Gpt.o
                0x00001be6                __vector_5
 .text.__vector_4
                0x00001c40       0x5a ./src/Gpt.o
                0x00001c40                __vector_4
 .text.Gpt_Init
                0x00001c9a      0xcb4 ./src/Gpt.o
                0x00001c9a                Gpt_Init
 .text.Gpt_StartTimer
                0x0000294e       0xb8 ./src/Gpt.o
                0x0000294e                Gpt_StartTimer
 .text.Gpt_GetTimeElapsed
                0x00002a06       0xa0 ./src/Gpt.o
                0x00002a06                Gpt_GetTimeElapsed
 .text.Gpt_GetTimeRemaining
                0x00002aa6      0x176 ./src/Gpt.o
                0x00002aa6                Gpt_GetTimeRemaining
 .text.Gpt_EnableNotification
                0x00002c1c      0x17c ./src/Gpt.o
                0x00002c1c                Gpt_EnableNotification
 .text.Gpt_DisableNotification
                0x00002d98      0x10e ./src/Gpt.o
                0x00002d98                Gpt_DisableNotification
 .text.I2C_InitMaster
                0x00002ea6       0x24 ./src/I2C.o
                0x00002ea6                I2C_InitMaster
 .text.I2C_SendStartCondition
                0x00002eca       0x20 ./src/I2C.o
                0x00002eca                I2C_SendStartCondition
 .text.I2C_SendStopCondition
                0x00002eea       0x16 ./src/I2C.o
                0x00002eea                I2C_SendStopCondition
 .text.I2C_MasterWriteDataByte
                0x00002f00       0x2e ./src/I2C.o
                0x00002f00                I2C_MasterWriteDataByte
 .text.I2C_MasterReadDataByteWith_ACK
                0x00002f2e       0x26 ./src/I2C.o
                0x00002f2e                I2C_MasterReadDataByteWith_ACK
 .text.I2C_MasterReadDataByteWith_NACK
                0x00002f54       0x26 ./src/I2C.o
                0x00002f54                I2C_MasterReadDataByteWith_NACK
 .text.Keypad_Init
                0x00002f7a       0x5e ./src/Keypad.o
                0x00002f7a                Keypad_Init
 .text.Keypad_GetButtonState
                0x00002fd8      0x14c ./src/Keypad.o
                0x00002fd8                Keypad_GetButtonState
 .text.Keypad_GetButtonStatePooling
                0x00003124      0x17c ./src/Keypad.o
                0x00003124                Keypad_GetButtonStatePooling
 .text.Keypad_GetPressedButton
                0x000032a0       0x3c ./src/Keypad.o
                0x000032a0                Keypad_GetPressedButton
 .text.LCD_Init
                0x000032dc      0x14e ./src/LCD.o
                0x000032dc                LCD_Init
 .text.LCD_Clear
                0x0000342a       0x14 ./src/LCD.o
                0x0000342a                LCD_Clear
 .text.LCD_DisplayCharacter
                0x0000343e       0x1a ./src/LCD.o
                0x0000343e                LCD_DisplayCharacter
 .text.LCD_DisplayString
                0x00003458       0x52 ./src/LCD.o
                0x00003458                LCD_DisplayString
 .text.LCD_SetCursorPosition
                0x000034aa       0x48 ./src/LCD.o
                0x000034aa                LCD_SetCursorPosition
 .text.LCD_DisplayNumber
                0x000034f2       0xfe ./src/LCD.o
                0x000034f2                LCD_DisplayNumber
 .text.LCD_ShiftLeft
                0x000035f0       0x2e ./src/LCD.o
                0x000035f0                LCD_ShiftLeft
 .text.LCD_ShiftRight
                0x0000361e       0x2e ./src/LCD.o
                0x0000361e                LCD_ShiftRight
 .text.LCD_SendCommand
                0x0000364c      0x1d6 ./src/LCD.o
 .text.LCD_SendData
                0x00003822      0x1d6 ./src/LCD.o
 .text.LCD_InitPinsMode
                0x000039f8       0x7c ./src/LCD.o
 .text.Spt_Init
                0x00003a74      0x8f6 ./src/Spt.o
                0x00003a74                Spt_Init
 .text.Spt_Set_ICR1
                0x0000436a       0x24 ./src/Spt.o
                0x0000436a                Spt_Set_ICR1
 .text.Get_OCR_Value
                0x0000438e       0x3e ./src/Spt.o
                0x0000438e                Get_OCR_Value
 .text.Spt_StartTimer
                0x000043cc       0x86 ./src/Spt.o
                0x000043cc                Spt_StartTimer
 .text.Clock_Set_Hour
                0x00004452      0x122 ./src/Time_Table.o
                0x00004452                Clock_Set_Hour
 .text.Clock_Set_Min
                0x00004574       0x22 ./src/Time_Table.o
                0x00004574                Clock_Set_Min
 .text.Clock_Set_Fajr
                0x00004596      0x122 ./src/Time_Table.o
                0x00004596                Clock_Set_Fajr
 .text.Clock_Set_Dhuhr
                0x000046b8      0x122 ./src/Time_Table.o
                0x000046b8                Clock_Set_Dhuhr
 .text.Clock_Set_Asr
                0x000047da      0x122 ./src/Time_Table.o
                0x000047da                Clock_Set_Asr
 .text.Clock_Set_Maghrib
                0x000048fc      0x122 ./src/Time_Table.o
                0x000048fc                Clock_Set_Maghrib
 .text.Clock_Set_Isha
                0x00004a1e      0x122 ./src/Time_Table.o
                0x00004a1e                Clock_Set_Isha
 .text.Clock_Get_Hour
                0x00004b40      0x142 ./src/Time_Table.o
                0x00004b40                Clock_Get_Hour
 .text.Clock_Get_Min
                0x00004c82      0x142 ./src/Time_Table.o
                0x00004c82                Clock_Get_Min
 .text.Clock_Get_Fajr
                0x00004dc4      0x142 ./src/Time_Table.o
                0x00004dc4                Clock_Get_Fajr
 .text.Clock_Get_Dhuhr
                0x00004f06      0x142 ./src/Time_Table.o
                0x00004f06                Clock_Get_Dhuhr
 .text.Clock_Get_Asr
                0x00005048      0x142 ./src/Time_Table.o
                0x00005048                Clock_Get_Asr
 .text.Clock_Get_Maghrib
                0x0000518a      0x142 ./src/Time_Table.o
                0x0000518a                Clock_Get_Maghrib
 .text.Clock_Get_Isha
                0x000052cc      0x142 ./src/Time_Table.o
                0x000052cc                Clock_Get_Isha
 .text.UART_Init
                0x0000540e      0x2ae ./src/UART.o
                0x0000540e                UART_Init
 .text.UART_Send_Data
                0x000056bc       0x36 ./src/UART.o
                0x000056bc                UART_Send_Data
 .text.Recieve_Data
                0x000056f2       0x1e ./src/UART.o
                0x000056f2                Recieve_Data
 .text.Adc_Handler
                0x00005710       0x24 ./main.o
                0x00005710                Adc_Handler
 .text.DIO_FlipPinLevel
                0x00005734       0xfa ./main.o
                0x00005734                DIO_FlipPinLevel
 .text.Send_Data_UARTCOMM
                0x0000582e      0x568 ./main.o
                0x0000582e                Send_Data_UARTCOMM
 .text.TimerHandler
                0x00005d96       0x20 ./main.o
                0x00005d96                TimerHandler
 .text.servo90  0x00005db6       0x5c ./main.o
                0x00005db6                servo90
 .text.main     0x00005e12      0x318 ./main.o
                0x00005e12                main
 .text.Add_New_password
                0x0000612a      0x4f4 ./main.o
                0x0000612a                Add_New_password
 .text.Check_For_Password
                0x0000661e      0x168 ./main.o
                0x0000661e                Check_For_Password
 .text.restoredprayerdata
                0x00006786      0x138 ./main.o
                0x00006786                restoredprayerdata
 .text.dispaly_prayer
                0x000068be      0x2d4 ./main.o
                0x000068be                dispaly_prayer
 .text.set_Clock_Settings
                0x00006b92      0x18c ./main.o
                0x00006b92                set_Clock_Settings
 .text.Set_Prayer_Time
                0x00006d1e      0x7f8 ./main.o
                0x00006d1e                Set_Prayer_Time
 .text.Check_For_PassWord
                0x00007516      0x510 ./main.o
                0x00007516                Check_For_PassWord
 .text.Check_IS_Anumber
                0x00007a26       0x4a ./main.o
                0x00007a26                Check_IS_Anumber
 .text.libgcc   0x00007a70       0x18 c:/users/ascom/downloads/embedded/imt_sdk_win_64/winavr/bin/../lib/gcc/avr/4.3.3/avr5\libgcc.a(_udivmodqi4.o)
                0x00007a70                __udivmodqi4
 .text.libgcc   0x00007a88       0x28 c:/users/ascom/downloads/embedded/imt_sdk_win_64/winavr/bin/../lib/gcc/avr/4.3.3/avr5\libgcc.a(_udivmodhi4.o)
                0x00007a88                __udivmodhi4
 .text.libgcc   0x00007ab0       0x26 c:/users/ascom/downloads/embedded/imt_sdk_win_64/winavr/bin/../lib/gcc/avr/4.3.3/avr5\libgcc.a(_divmodhi4.o)
                0x00007ab0                __divmodhi4
                0x00007ab0                _div
 .text.libgcc   0x00007ad6        0x0 c:/users/ascom/downloads/embedded/imt_sdk_win_64/winavr/bin/../lib/gcc/avr/4.3.3/avr5\libgcc.a(_exit.o)
 .text.libgcc   0x00007ad6        0x0 c:/users/ascom/downloads/embedded/imt_sdk_win_64/winavr/bin/../lib/gcc/avr/4.3.3/avr5\libgcc.a(_copy_data.o)
 .text.libgcc   0x00007ad6        0x0 c:/users/ascom/downloads/embedded/imt_sdk_win_64/winavr/bin/../lib/gcc/avr/4.3.3/avr5\libgcc.a(_clear_bss.o)
 .text.libgcc   0x00007ad6       0x38 c:/users/ascom/downloads/embedded/imt_sdk_win_64/winavr/bin/../lib/gcc/avr/4.3.3/avr5\libgcc.a(_prologue.o)
                0x00007ad6                __prologue_saves__
 .text.libgcc   0x00007b0e       0x36 c:/users/ascom/downloads/embedded/imt_sdk_win_64/winavr/bin/../lib/gcc/avr/4.3.3/avr5\libgcc.a(_epilogue.o)
                0x00007b0e                __epilogue_restores__
                0x00007b44                . = ALIGN (0x2)
 *(.fini9)
 .fini9         0x00007b44        0x0 c:/users/ascom/downloads/embedded/imt_sdk_win_64/winavr/bin/../lib/gcc/avr/4.3.3/avr5\libgcc.a(_exit.o)
                0x00007b44                exit
                0x00007b44                _exit
 *(.fini9)
 *(.fini8)
 *(.fini8)
 *(.fini7)
 *(.fini7)
 *(.fini6)
 *(.fini6)
 *(.fini5)
 *(.fini5)
 *(.fini4)
 *(.fini4)
 *(.fini3)
 *(.fini3)
 *(.fini2)
 *(.fini2)
 *(.fini1)
 *(.fini1)
 *(.fini0)
 .fini0         0x00007b44        0x4 c:/users/ascom/downloads/embedded/imt_sdk_win_64/winavr/bin/../lib/gcc/avr/4.3.3/avr5\libgcc.a(_exit.o)
 *(.fini0)
                0x00007b48                _etext = .

.data           0x00800060      0x172 load address 0x00007b48
                0x00800060                PROVIDE (__data_start, .)
 *(.data)
 .data          0x00800060        0x0 c:/users/ascom/downloads/embedded/imt_sdk_win_64/winavr/bin/../lib/gcc/avr/4.3.3/../../../../avr/lib/avr5/crtm32.o
 .data          0x00800060        0xa ./src/Calculator.o
 .data          0x0080006a        0x0 ./src/DIO.o
 .data          0x0080006a        0x0 ./src/EEPROM.o
 .data          0x0080006a        0x0 ./src/ExtInterrupt.o
 .data          0x0080006a        0x0 ./src/GlobalInterrupt.o
 .data          0x0080006a        0x0 ./src/Gpt.o
 .data          0x0080006a        0x0 ./src/I2C.o
 .data          0x0080006a        0x0 ./src/Keypad.o
 .data          0x0080006a        0x0 ./src/LCD.o
 .data          0x0080006a        0x0 ./src/Spt.o
 .data          0x0080006a        0x0 ./src/Time_Table.o
 .data          0x0080006a        0x0 ./src/UART.o
 .data          0x0080006a      0x15e ./main.o
 .data          0x008001c8        0x0 c:/users/ascom/downloads/embedded/imt_sdk_win_64/winavr/bin/../lib/gcc/avr/4.3.3/avr5\libgcc.a(_udivmodqi4.o)
 .data          0x008001c8        0x0 c:/users/ascom/downloads/embedded/imt_sdk_win_64/winavr/bin/../lib/gcc/avr/4.3.3/avr5\libgcc.a(_udivmodhi4.o)
 .data          0x008001c8        0x0 c:/users/ascom/downloads/embedded/imt_sdk_win_64/winavr/bin/../lib/gcc/avr/4.3.3/avr5\libgcc.a(_divmodhi4.o)
 .data          0x008001c8        0x0 c:/users/ascom/downloads/embedded/imt_sdk_win_64/winavr/bin/../lib/gcc/avr/4.3.3/avr5\libgcc.a(_exit.o)
 .data          0x008001c8        0x0 c:/users/ascom/downloads/embedded/imt_sdk_win_64/winavr/bin/../lib/gcc/avr/4.3.3/avr5\libgcc.a(_copy_data.o)
 .data          0x008001c8        0x0 c:/users/ascom/downloads/embedded/imt_sdk_win_64/winavr/bin/../lib/gcc/avr/4.3.3/avr5\libgcc.a(_clear_bss.o)
 .data          0x008001c8        0x0 c:/users/ascom/downloads/embedded/imt_sdk_win_64/winavr/bin/../lib/gcc/avr/4.3.3/avr5\libgcc.a(_fixunssfsi.o)
 .data          0x008001c8        0x0 c:/users/ascom/downloads/embedded/imt_sdk_win_64/winavr/bin/../lib/gcc/avr/4.3.3/avr5\libgcc.a(_addsub_sf.o)
 .data          0x008001c8        0x0 c:/users/ascom/downloads/embedded/imt_sdk_win_64/winavr/bin/../lib/gcc/avr/4.3.3/avr5\libgcc.a(_mul_sf.o)
 .data          0x008001c8        0x0 c:/users/ascom/downloads/embedded/imt_sdk_win_64/winavr/bin/../lib/gcc/avr/4.3.3/avr5\libgcc.a(_gt_sf.o)
 .data          0x008001c8        0x0 c:/users/ascom/downloads/embedded/imt_sdk_win_64/winavr/bin/../lib/gcc/avr/4.3.3/avr5\libgcc.a(_ge_sf.o)
 .data          0x008001c8        0x0 c:/users/ascom/downloads/embedded/imt_sdk_win_64/winavr/bin/../lib/gcc/avr/4.3.3/avr5\libgcc.a(_lt_sf.o)
 .data          0x008001c8        0x0 c:/users/ascom/downloads/embedded/imt_sdk_win_64/winavr/bin/../lib/gcc/avr/4.3.3/avr5\libgcc.a(_sf_to_si.o)
 .data          0x008001c8        0x8 c:/users/ascom/downloads/embedded/imt_sdk_win_64/winavr/bin/../lib/gcc/avr/4.3.3/avr5\libgcc.a(_thenan_sf.o)
                0x008001c8                __thenan_sf
 .data          0x008001d0        0x0 c:/users/ascom/downloads/embedded/imt_sdk_win_64/winavr/bin/../lib/gcc/avr/4.3.3/avr5\libgcc.a(_prologue.o)
 .data          0x008001d0        0x0 c:/users/ascom/downloads/embedded/imt_sdk_win_64/winavr/bin/../lib/gcc/avr/4.3.3/avr5\libgcc.a(_epilogue.o)
 .data          0x008001d0        0x0 c:/users/ascom/downloads/embedded/imt_sdk_win_64/winavr/bin/../lib/gcc/avr/4.3.3/avr5\libgcc.a(_pack_sf.o)
 .data          0x008001d0        0x0 c:/users/ascom/downloads/embedded/imt_sdk_win_64/winavr/bin/../lib/gcc/avr/4.3.3/avr5\libgcc.a(_unpack_sf.o)
 .data          0x008001d0        0x0 c:/users/ascom/downloads/embedded/imt_sdk_win_64/winavr/bin/../lib/gcc/avr/4.3.3/avr5\libgcc.a(_fpcmp_parts_sf.o)
 *(.data*)
 .data.ID       0x008001d0        0x1 ./main.o
                0x008001d0                ID
 *(.rodata)
 *(.rodata*)
 *(.gnu.linkonce.d*)
                0x008001d2                . = ALIGN (0x2)
 *fill*         0x008001d1        0x1 00
                0x008001d2                _edata = .
                0x008001d2                PROVIDE (__data_end, .)

.bss            0x008001d2       0x25
                0x008001d2                PROVIDE (__bss_start, .)
 *(.bss)
 .bss           0x008001d2        0x0 c:/users/ascom/downloads/embedded/imt_sdk_win_64/winavr/bin/../lib/gcc/avr/4.3.3/../../../../avr/lib/avr5/crtm32.o
 .bss           0x008001d2        0x0 ./src/Calculator.o
 .bss           0x008001d2        0x0 ./src/DIO.o
 .bss           0x008001d2        0x0 ./src/EEPROM.o
 .bss           0x008001d2        0x0 ./src/ExtInterrupt.o
 .bss           0x008001d2        0x0 ./src/GlobalInterrupt.o
 .bss           0x008001d2        0x0 ./src/Gpt.o
 .bss           0x008001d2        0x0 ./src/I2C.o
 .bss           0x008001d2        0x0 ./src/Keypad.o
 .bss           0x008001d2        0x0 ./src/LCD.o
 .bss           0x008001d2        0x0 ./src/Spt.o
 .bss           0x008001d2        0x0 ./src/Time_Table.o
 .bss           0x008001d2        0x0 ./src/UART.o
 .bss           0x008001d2        0x0 ./main.o
 .bss           0x008001d2        0x0 c:/users/ascom/downloads/embedded/imt_sdk_win_64/winavr/bin/../lib/gcc/avr/4.3.3/avr5\libgcc.a(_udivmodqi4.o)
 .bss           0x008001d2        0x0 c:/users/ascom/downloads/embedded/imt_sdk_win_64/winavr/bin/../lib/gcc/avr/4.3.3/avr5\libgcc.a(_udivmodhi4.o)
 .bss           0x008001d2        0x0 c:/users/ascom/downloads/embedded/imt_sdk_win_64/winavr/bin/../lib/gcc/avr/4.3.3/avr5\libgcc.a(_divmodhi4.o)
 .bss           0x008001d2        0x0 c:/users/ascom/downloads/embedded/imt_sdk_win_64/winavr/bin/../lib/gcc/avr/4.3.3/avr5\libgcc.a(_exit.o)
 .bss           0x008001d2        0x0 c:/users/ascom/downloads/embedded/imt_sdk_win_64/winavr/bin/../lib/gcc/avr/4.3.3/avr5\libgcc.a(_copy_data.o)
 .bss           0x008001d2        0x0 c:/users/ascom/downloads/embedded/imt_sdk_win_64/winavr/bin/../lib/gcc/avr/4.3.3/avr5\libgcc.a(_clear_bss.o)
 .bss           0x008001d2        0x0 c:/users/ascom/downloads/embedded/imt_sdk_win_64/winavr/bin/../lib/gcc/avr/4.3.3/avr5\libgcc.a(_fixunssfsi.o)
 .bss           0x008001d2        0x0 c:/users/ascom/downloads/embedded/imt_sdk_win_64/winavr/bin/../lib/gcc/avr/4.3.3/avr5\libgcc.a(_addsub_sf.o)
 .bss           0x008001d2        0x0 c:/users/ascom/downloads/embedded/imt_sdk_win_64/winavr/bin/../lib/gcc/avr/4.3.3/avr5\libgcc.a(_mul_sf.o)
 .bss           0x008001d2        0x0 c:/users/ascom/downloads/embedded/imt_sdk_win_64/winavr/bin/../lib/gcc/avr/4.3.3/avr5\libgcc.a(_gt_sf.o)
 .bss           0x008001d2        0x0 c:/users/ascom/downloads/embedded/imt_sdk_win_64/winavr/bin/../lib/gcc/avr/4.3.3/avr5\libgcc.a(_ge_sf.o)
 .bss           0x008001d2        0x0 c:/users/ascom/downloads/embedded/imt_sdk_win_64/winavr/bin/../lib/gcc/avr/4.3.3/avr5\libgcc.a(_lt_sf.o)
 .bss           0x008001d2        0x0 c:/users/ascom/downloads/embedded/imt_sdk_win_64/winavr/bin/../lib/gcc/avr/4.3.3/avr5\libgcc.a(_sf_to_si.o)
 .bss           0x008001d2        0x0 c:/users/ascom/downloads/embedded/imt_sdk_win_64/winavr/bin/../lib/gcc/avr/4.3.3/avr5\libgcc.a(_thenan_sf.o)
 .bss           0x008001d2        0x0 c:/users/ascom/downloads/embedded/imt_sdk_win_64/winavr/bin/../lib/gcc/avr/4.3.3/avr5\libgcc.a(_prologue.o)
 .bss           0x008001d2        0x0 c:/users/ascom/downloads/embedded/imt_sdk_win_64/winavr/bin/../lib/gcc/avr/4.3.3/avr5\libgcc.a(_epilogue.o)
 .bss           0x008001d2        0x0 c:/users/ascom/downloads/embedded/imt_sdk_win_64/winavr/bin/../lib/gcc/avr/4.3.3/avr5\libgcc.a(_pack_sf.o)
 .bss           0x008001d2        0x0 c:/users/ascom/downloads/embedded/imt_sdk_win_64/winavr/bin/../lib/gcc/avr/4.3.3/avr5\libgcc.a(_unpack_sf.o)
 .bss           0x008001d2        0x0 c:/users/ascom/downloads/embedded/imt_sdk_win_64/winavr/bin/../lib/gcc/avr/4.3.3/avr5\libgcc.a(_fpcmp_parts_sf.o)
 *(.bss*)
 .bss.result    0x008001d2        0x2 ./main.o
                0x008001d2                result
 .bss.Clocktime
                0x008001d4        0x2 ./main.o
                0x008001d4                Clocktime
 .bss.counter   0x008001d6        0x2 ./main.o
                0x008001d6                counter
 .bss.wp        0x008001d8        0x1 ./main.o
                0x008001d8                wp
 *(COMMON)
 COMMON         0x008001d9        0x6 ./src/ExtInterrupt.o
                0x008001d9                ExtInterrupt_INT1Callback
                0x008001db                ExtInterrupt_INT0Callback
                0x008001dd                ExtInterrupt_INT2Callback
 COMMON         0x008001df        0xe ./src/Gpt.o
                0x008001df                Gpt_Timer0_Callback_Ctc
                0x008001e1                Gpt_Timer2_Callback_Ctc
                0x008001e3                Gpt_Timer1B_Callback_Ctc
                0x008001e5                Gpt_Timer2_Callback_Normal
                0x008001e7                Gpt_Timer1A_Callback_Ctc
                0x008001e9                Gpt_Timer0_Callback_Normal
                0x008001eb                Gpt_Timer1_Callback_Normal
 COMMON         0x008001ed        0xa ./main.o
                0x008001ed                prayerstime
                0x008001f7                PROVIDE (__bss_end, .)
                0x00007b48                __data_load_start = LOADADDR (.data)
                0x00007cba                __data_load_end = (__data_load_start + SIZEOF (.data))

.noinit         0x008001f7        0x0
                0x008001f7                PROVIDE (__noinit_start, .)
 *(.noinit*)
                0x008001f7                PROVIDE (__noinit_end, .)
                0x008001f7                _end = .
                0x008001f7                PROVIDE (__heap_start, .)

.eeprom         0x00810000        0x0
 *(.eeprom*)
                0x00810000                __eeprom_end = .

.fuse
 *(.fuse)
 *(.lfuse)
 *(.hfuse)
 *(.efuse)

.lock
 *(.lock*)

.signature
 *(.signature*)

.stab           0x00000000     0x7a64
 *(.stab)
 .stab          0x00000000      0x564 ./src/Calculator.o
 .stab          0x00000564      0x888 ./src/DIO.o
                                0x924 (size before relaxing)
 .stab          0x00000dec      0x228 ./src/EEPROM.o
                                0x2c4 (size before relaxing)
 .stab          0x00001014      0x15c ./src/ExtInterrupt.o
                                0x1f8 (size before relaxing)
 .stab          0x00001170      0x144 ./src/GlobalInterrupt.o
                                0x1e0 (size before relaxing)
 .stab          0x000012b4     0x1164 ./src/Gpt.o
                               0x1200 (size before relaxing)
 .stab          0x00002418      0x27c ./src/I2C.o
                                0x318 (size before relaxing)
 .stab          0x00002694      0x540 ./src/Keypad.o
                                0x684 (size before relaxing)
 .stab          0x00002bd4      0xbac ./src/LCD.o
                                0xcf0 (size before relaxing)
 .stab          0x00003780      0x918 ./src/Spt.o
                                0x9b4 (size before relaxing)
 .stab          0x00004098      0xfcc ./src/Time_Table.o
                               0x11f4 (size before relaxing)
 .stab          0x00005064      0x444 ./src/UART.o
                                0x54c (size before relaxing)
 .stab          0x000054a8     0x25bc ./main.o
                               0x2a6c (size before relaxing)

.stabstr        0x00000000     0x22ed
 *(.stabstr)
 .stabstr       0x00000000     0x22ed ./src/Calculator.o

.stab.excl
 *(.stab.excl)

.stab.exclstr
 *(.stab.exclstr)

.stab.index
 *(.stab.index)

.stab.indexstr
 *(.stab.indexstr)

.comment
 *(.comment)

.debug
 *(.debug)

.line
 *(.line)

.debug_srcinfo
 *(.debug_srcinfo)

.debug_sfnames
 *(.debug_sfnames)

.debug_aranges  0x00000000      0x140
 *(.debug_aranges)
 .debug_aranges
                0x00000000       0x20 c:/users/ascom/downloads/embedded/imt_sdk_win_64/winavr/bin/../lib/gcc/avr/4.3.3/avr5\libgcc.a(_fixunssfsi.o)
 .debug_aranges
                0x00000020       0x20 c:/users/ascom/downloads/embedded/imt_sdk_win_64/winavr/bin/../lib/gcc/avr/4.3.3/avr5\libgcc.a(_addsub_sf.o)
 .debug_aranges
                0x00000040       0x20 c:/users/ascom/downloads/embedded/imt_sdk_win_64/winavr/bin/../lib/gcc/avr/4.3.3/avr5\libgcc.a(_mul_sf.o)
 .debug_aranges
                0x00000060       0x20 c:/users/ascom/downloads/embedded/imt_sdk_win_64/winavr/bin/../lib/gcc/avr/4.3.3/avr5\libgcc.a(_gt_sf.o)
 .debug_aranges
                0x00000080       0x20 c:/users/ascom/downloads/embedded/imt_sdk_win_64/winavr/bin/../lib/gcc/avr/4.3.3/avr5\libgcc.a(_ge_sf.o)
 .debug_aranges
                0x000000a0       0x20 c:/users/ascom/downloads/embedded/imt_sdk_win_64/winavr/bin/../lib/gcc/avr/4.3.3/avr5\libgcc.a(_lt_sf.o)
 .debug_aranges
                0x000000c0       0x20 c:/users/ascom/downloads/embedded/imt_sdk_win_64/winavr/bin/../lib/gcc/avr/4.3.3/avr5\libgcc.a(_sf_to_si.o)
 .debug_aranges
                0x000000e0       0x20 c:/users/ascom/downloads/embedded/imt_sdk_win_64/winavr/bin/../lib/gcc/avr/4.3.3/avr5\libgcc.a(_pack_sf.o)
 .debug_aranges
                0x00000100       0x20 c:/users/ascom/downloads/embedded/imt_sdk_win_64/winavr/bin/../lib/gcc/avr/4.3.3/avr5\libgcc.a(_unpack_sf.o)
 .debug_aranges
                0x00000120       0x20 c:/users/ascom/downloads/embedded/imt_sdk_win_64/winavr/bin/../lib/gcc/avr/4.3.3/avr5\libgcc.a(_fpcmp_parts_sf.o)

.debug_pubnames
                0x00000000      0x170
 *(.debug_pubnames)
 .debug_pubnames
                0x00000000       0x23 c:/users/ascom/downloads/embedded/imt_sdk_win_64/winavr/bin/../lib/gcc/avr/4.3.3/avr5\libgcc.a(_fixunssfsi.o)
 .debug_pubnames
                0x00000023       0x2c c:/users/ascom/downloads/embedded/imt_sdk_win_64/winavr/bin/../lib/gcc/avr/4.3.3/avr5\libgcc.a(_addsub_sf.o)
 .debug_pubnames
                0x0000004f       0x1f c:/users/ascom/downloads/embedded/imt_sdk_win_64/winavr/bin/../lib/gcc/avr/4.3.3/avr5\libgcc.a(_mul_sf.o)
 .debug_pubnames
                0x0000006e       0x1e c:/users/ascom/downloads/embedded/imt_sdk_win_64/winavr/bin/../lib/gcc/avr/4.3.3/avr5\libgcc.a(_gt_sf.o)
 .debug_pubnames
                0x0000008c       0x1e c:/users/ascom/downloads/embedded/imt_sdk_win_64/winavr/bin/../lib/gcc/avr/4.3.3/avr5\libgcc.a(_ge_sf.o)
 .debug_pubnames
                0x000000aa       0x1e c:/users/ascom/downloads/embedded/imt_sdk_win_64/winavr/bin/../lib/gcc/avr/4.3.3/avr5\libgcc.a(_lt_sf.o)
 .debug_pubnames
                0x000000c8       0x20 c:/users/ascom/downloads/embedded/imt_sdk_win_64/winavr/bin/../lib/gcc/avr/4.3.3/avr5\libgcc.a(_sf_to_si.o)
 .debug_pubnames
                0x000000e8       0x22 c:/users/ascom/downloads/embedded/imt_sdk_win_64/winavr/bin/../lib/gcc/avr/4.3.3/avr5\libgcc.a(_thenan_sf.o)
 .debug_pubnames
                0x0000010a       0x1f c:/users/ascom/downloads/embedded/imt_sdk_win_64/winavr/bin/../lib/gcc/avr/4.3.3/avr5\libgcc.a(_pack_sf.o)
 .debug_pubnames
                0x00000129       0x21 c:/users/ascom/downloads/embedded/imt_sdk_win_64/winavr/bin/../lib/gcc/avr/4.3.3/avr5\libgcc.a(_unpack_sf.o)
 .debug_pubnames
                0x0000014a       0x26 c:/users/ascom/downloads/embedded/imt_sdk_win_64/winavr/bin/../lib/gcc/avr/4.3.3/avr5\libgcc.a(_fpcmp_parts_sf.o)

.debug_info     0x00000000     0x1c49
 *(.debug_info)
 .debug_info    0x00000000       0xb1 c:/users/ascom/downloads/embedded/imt_sdk_win_64/winavr/bin/../lib/gcc/avr/4.3.3/avr5\libgcc.a(_fixunssfsi.o)
 .debug_info    0x000000b1      0x47a c:/users/ascom/downloads/embedded/imt_sdk_win_64/winavr/bin/../lib/gcc/avr/4.3.3/avr5\libgcc.a(_addsub_sf.o)
 .debug_info    0x0000052b      0x485 c:/users/ascom/downloads/embedded/imt_sdk_win_64/winavr/bin/../lib/gcc/avr/4.3.3/avr5\libgcc.a(_mul_sf.o)
 .debug_info    0x000009b0      0x27f c:/users/ascom/downloads/embedded/imt_sdk_win_64/winavr/bin/../lib/gcc/avr/4.3.3/avr5\libgcc.a(_gt_sf.o)
 .debug_info    0x00000c2f      0x27f c:/users/ascom/downloads/embedded/imt_sdk_win_64/winavr/bin/../lib/gcc/avr/4.3.3/avr5\libgcc.a(_ge_sf.o)
 .debug_info    0x00000eae      0x27f c:/users/ascom/downloads/embedded/imt_sdk_win_64/winavr/bin/../lib/gcc/avr/4.3.3/avr5\libgcc.a(_lt_sf.o)
 .debug_info    0x0000112d      0x2b0 c:/users/ascom/downloads/embedded/imt_sdk_win_64/winavr/bin/../lib/gcc/avr/4.3.3/avr5\libgcc.a(_sf_to_si.o)
 .debug_info    0x000013dd      0x12c c:/users/ascom/downloads/embedded/imt_sdk_win_64/winavr/bin/../lib/gcc/avr/4.3.3/avr5\libgcc.a(_thenan_sf.o)
 .debug_info    0x00001509      0x2df c:/users/ascom/downloads/embedded/imt_sdk_win_64/winavr/bin/../lib/gcc/avr/4.3.3/avr5\libgcc.a(_pack_sf.o)
 .debug_info    0x000017e8      0x251 c:/users/ascom/downloads/embedded/imt_sdk_win_64/winavr/bin/../lib/gcc/avr/4.3.3/avr5\libgcc.a(_unpack_sf.o)
 .debug_info    0x00001a39      0x210 c:/users/ascom/downloads/embedded/imt_sdk_win_64/winavr/bin/../lib/gcc/avr/4.3.3/avr5\libgcc.a(_fpcmp_parts_sf.o)
 *(.gnu.linkonce.wi.*)

.debug_abbrev   0x00000000      0xeeb
 *(.debug_abbrev)
 .debug_abbrev  0x00000000       0x5d c:/users/ascom/downloads/embedded/imt_sdk_win_64/winavr/bin/../lib/gcc/avr/4.3.3/avr5\libgcc.a(_fixunssfsi.o)
 .debug_abbrev  0x0000005d      0x1ea c:/users/ascom/downloads/embedded/imt_sdk_win_64/winavr/bin/../lib/gcc/avr/4.3.3/avr5\libgcc.a(_addsub_sf.o)
 .debug_abbrev  0x00000247      0x21b c:/users/ascom/downloads/embedded/imt_sdk_win_64/winavr/bin/../lib/gcc/avr/4.3.3/avr5\libgcc.a(_mul_sf.o)
 .debug_abbrev  0x00000462      0x15a c:/users/ascom/downloads/embedded/imt_sdk_win_64/winavr/bin/../lib/gcc/avr/4.3.3/avr5\libgcc.a(_gt_sf.o)
 .debug_abbrev  0x000005bc      0x15a c:/users/ascom/downloads/embedded/imt_sdk_win_64/winavr/bin/../lib/gcc/avr/4.3.3/avr5\libgcc.a(_ge_sf.o)
 .debug_abbrev  0x00000716      0x15a c:/users/ascom/downloads/embedded/imt_sdk_win_64/winavr/bin/../lib/gcc/avr/4.3.3/avr5\libgcc.a(_lt_sf.o)
 .debug_abbrev  0x00000870      0x17f c:/users/ascom/downloads/embedded/imt_sdk_win_64/winavr/bin/../lib/gcc/avr/4.3.3/avr5\libgcc.a(_sf_to_si.o)
 .debug_abbrev  0x000009ef       0xad c:/users/ascom/downloads/embedded/imt_sdk_win_64/winavr/bin/../lib/gcc/avr/4.3.3/avr5\libgcc.a(_thenan_sf.o)
 .debug_abbrev  0x00000a9c      0x1c0 c:/users/ascom/downloads/embedded/imt_sdk_win_64/winavr/bin/../lib/gcc/avr/4.3.3/avr5\libgcc.a(_pack_sf.o)
 .debug_abbrev  0x00000c5c      0x154 c:/users/ascom/downloads/embedded/imt_sdk_win_64/winavr/bin/../lib/gcc/avr/4.3.3/avr5\libgcc.a(_unpack_sf.o)
 .debug_abbrev  0x00000db0      0x13b c:/users/ascom/downloads/embedded/imt_sdk_win_64/winavr/bin/../lib/gcc/avr/4.3.3/avr5\libgcc.a(_fpcmp_parts_sf.o)

.debug_line     0x00000000      0xdad
 *(.debug_line)
 .debug_line    0x00000000       0xa7 c:/users/ascom/downloads/embedded/imt_sdk_win_64/winavr/bin/../lib/gcc/avr/4.3.3/avr5\libgcc.a(_fixunssfsi.o)
 .debug_line    0x000000a7      0x2af c:/users/ascom/downloads/embedded/imt_sdk_win_64/winavr/bin/../lib/gcc/avr/4.3.3/avr5\libgcc.a(_addsub_sf.o)
 .debug_line    0x00000356      0x239 c:/users/ascom/downloads/embedded/imt_sdk_win_64/winavr/bin/../lib/gcc/avr/4.3.3/avr5\libgcc.a(_mul_sf.o)
 .debug_line    0x0000058f       0xd3 c:/users/ascom/downloads/embedded/imt_sdk_win_64/winavr/bin/../lib/gcc/avr/4.3.3/avr5\libgcc.a(_gt_sf.o)
 .debug_line    0x00000662       0xd3 c:/users/ascom/downloads/embedded/imt_sdk_win_64/winavr/bin/../lib/gcc/avr/4.3.3/avr5\libgcc.a(_ge_sf.o)
 .debug_line    0x00000735       0xd3 c:/users/ascom/downloads/embedded/imt_sdk_win_64/winavr/bin/../lib/gcc/avr/4.3.3/avr5\libgcc.a(_lt_sf.o)
 .debug_line    0x00000808      0x109 c:/users/ascom/downloads/embedded/imt_sdk_win_64/winavr/bin/../lib/gcc/avr/4.3.3/avr5\libgcc.a(_sf_to_si.o)
 .debug_line    0x00000911       0x90 c:/users/ascom/downloads/embedded/imt_sdk_win_64/winavr/bin/../lib/gcc/avr/4.3.3/avr5\libgcc.a(_thenan_sf.o)
 .debug_line    0x000009a1      0x18a c:/users/ascom/downloads/embedded/imt_sdk_win_64/winavr/bin/../lib/gcc/avr/4.3.3/avr5\libgcc.a(_pack_sf.o)
 .debug_line    0x00000b2b      0x14b c:/users/ascom/downloads/embedded/imt_sdk_win_64/winavr/bin/../lib/gcc/avr/4.3.3/avr5\libgcc.a(_unpack_sf.o)
 .debug_line    0x00000c76      0x137 c:/users/ascom/downloads/embedded/imt_sdk_win_64/winavr/bin/../lib/gcc/avr/4.3.3/avr5\libgcc.a(_fpcmp_parts_sf.o)

.debug_frame    0x00000000      0x160
 *(.debug_frame)
 .debug_frame   0x00000000       0x20 c:/users/ascom/downloads/embedded/imt_sdk_win_64/winavr/bin/../lib/gcc/avr/4.3.3/avr5\libgcc.a(_fixunssfsi.o)
 .debug_frame   0x00000020       0x40 c:/users/ascom/downloads/embedded/imt_sdk_win_64/winavr/bin/../lib/gcc/avr/4.3.3/avr5\libgcc.a(_addsub_sf.o)
 .debug_frame   0x00000060       0x20 c:/users/ascom/downloads/embedded/imt_sdk_win_64/winavr/bin/../lib/gcc/avr/4.3.3/avr5\libgcc.a(_mul_sf.o)
 .debug_frame   0x00000080       0x20 c:/users/ascom/downloads/embedded/imt_sdk_win_64/winavr/bin/../lib/gcc/avr/4.3.3/avr5\libgcc.a(_gt_sf.o)
 .debug_frame   0x000000a0       0x20 c:/users/ascom/downloads/embedded/imt_sdk_win_64/winavr/bin/../lib/gcc/avr/4.3.3/avr5\libgcc.a(_ge_sf.o)
 .debug_frame   0x000000c0       0x20 c:/users/ascom/downloads/embedded/imt_sdk_win_64/winavr/bin/../lib/gcc/avr/4.3.3/avr5\libgcc.a(_lt_sf.o)
 .debug_frame   0x000000e0       0x20 c:/users/ascom/downloads/embedded/imt_sdk_win_64/winavr/bin/../lib/gcc/avr/4.3.3/avr5\libgcc.a(_sf_to_si.o)
 .debug_frame   0x00000100       0x20 c:/users/ascom/downloads/embedded/imt_sdk_win_64/winavr/bin/../lib/gcc/avr/4.3.3/avr5\libgcc.a(_pack_sf.o)
 .debug_frame   0x00000120       0x20 c:/users/ascom/downloads/embedded/imt_sdk_win_64/winavr/bin/../lib/gcc/avr/4.3.3/avr5\libgcc.a(_unpack_sf.o)
 .debug_frame   0x00000140       0x20 c:/users/ascom/downloads/embedded/imt_sdk_win_64/winavr/bin/../lib/gcc/avr/4.3.3/avr5\libgcc.a(_fpcmp_parts_sf.o)

.debug_str      0x00000000      0x28d
 *(.debug_str)
 .debug_str     0x00000000       0xbf c:/users/ascom/downloads/embedded/imt_sdk_win_64/winavr/bin/../lib/gcc/avr/4.3.3/avr5\libgcc.a(_fixunssfsi.o)
                                 0xfe (size before relaxing)
 .debug_str     0x000000bf      0x14d c:/users/ascom/downloads/embedded/imt_sdk_win_64/winavr/bin/../lib/gcc/avr/4.3.3/avr5\libgcc.a(_addsub_sf.o)
                                0x206 (size before relaxing)
 .debug_str     0x0000020c       0x27 c:/users/ascom/downloads/embedded/imt_sdk_win_64/winavr/bin/../lib/gcc/avr/4.3.3/avr5\libgcc.a(_mul_sf.o)
                                0x1bf (size before relaxing)
 .debug_str     0x00000233        0xf c:/users/ascom/downloads/embedded/imt_sdk_win_64/winavr/bin/../lib/gcc/avr/4.3.3/avr5\libgcc.a(_gt_sf.o)
                                0x195 (size before relaxing)
 .debug_str     0x00000242        0x8 c:/users/ascom/downloads/embedded/imt_sdk_win_64/winavr/bin/../lib/gcc/avr/4.3.3/avr5\libgcc.a(_ge_sf.o)
                                0x195 (size before relaxing)
 .debug_str     0x0000024a        0x8 c:/users/ascom/downloads/embedded/imt_sdk_win_64/winavr/bin/../lib/gcc/avr/4.3.3/avr5\libgcc.a(_lt_sf.o)
                                0x195 (size before relaxing)
 .debug_str     0x00000252        0xa c:/users/ascom/downloads/embedded/imt_sdk_win_64/winavr/bin/../lib/gcc/avr/4.3.3/avr5\libgcc.a(_sf_to_si.o)
                                0x19e (size before relaxing)
 .debug_str     0x00000000      0x103 c:/users/ascom/downloads/embedded/imt_sdk_win_64/winavr/bin/../lib/gcc/avr/4.3.3/avr5\libgcc.a(_thenan_sf.o)
 .debug_str     0x0000025c       0x16 c:/users/ascom/downloads/embedded/imt_sdk_win_64/winavr/bin/../lib/gcc/avr/4.3.3/avr5\libgcc.a(_pack_sf.o)
                                0x19d (size before relaxing)
 .debug_str     0x00000272        0xb c:/users/ascom/downloads/embedded/imt_sdk_win_64/winavr/bin/../lib/gcc/avr/4.3.3/avr5\libgcc.a(_unpack_sf.o)
                                0x17f (size before relaxing)
 .debug_str     0x0000027d       0x10 c:/users/ascom/downloads/embedded/imt_sdk_win_64/winavr/bin/../lib/gcc/avr/4.3.3/avr5\libgcc.a(_fpcmp_parts_sf.o)
                                0x163 (size before relaxing)

.debug_loc      0x00000000      0x7ce
 *(.debug_loc)
 .debug_loc     0x00000000       0x34 c:/users/ascom/downloads/embedded/imt_sdk_win_64/winavr/bin/../lib/gcc/avr/4.3.3/avr5\libgcc.a(_fixunssfsi.o)
 .debug_loc     0x00000034      0x32a c:/users/ascom/downloads/embedded/imt_sdk_win_64/winavr/bin/../lib/gcc/avr/4.3.3/avr5\libgcc.a(_addsub_sf.o)
 .debug_loc     0x0000035e      0x104 c:/users/ascom/downloads/embedded/imt_sdk_win_64/winavr/bin/../lib/gcc/avr/4.3.3/avr5\libgcc.a(_mul_sf.o)
 .debug_loc     0x00000462       0x3c c:/users/ascom/downloads/embedded/imt_sdk_win_64/winavr/bin/../lib/gcc/avr/4.3.3/avr5\libgcc.a(_gt_sf.o)
 .debug_loc     0x0000049e       0x3c c:/users/ascom/downloads/embedded/imt_sdk_win_64/winavr/bin/../lib/gcc/avr/4.3.3/avr5\libgcc.a(_ge_sf.o)
 .debug_loc     0x000004da       0x3c c:/users/ascom/downloads/embedded/imt_sdk_win_64/winavr/bin/../lib/gcc/avr/4.3.3/avr5\libgcc.a(_lt_sf.o)
 .debug_loc     0x00000516       0x7e c:/users/ascom/downloads/embedded/imt_sdk_win_64/winavr/bin/../lib/gcc/avr/4.3.3/avr5\libgcc.a(_sf_to_si.o)
 .debug_loc     0x00000594      0x13e c:/users/ascom/downloads/embedded/imt_sdk_win_64/winavr/bin/../lib/gcc/avr/4.3.3/avr5\libgcc.a(_pack_sf.o)
 .debug_loc     0x000006d2       0xac c:/users/ascom/downloads/embedded/imt_sdk_win_64/winavr/bin/../lib/gcc/avr/4.3.3/avr5\libgcc.a(_unpack_sf.o)
 .debug_loc     0x0000077e       0x50 c:/users/ascom/downloads/embedded/imt_sdk_win_64/winavr/bin/../lib/gcc/avr/4.3.3/avr5\libgcc.a(_fpcmp_parts_sf.o)

.debug_macinfo
 *(.debug_macinfo)
OUTPUT(MC1.elf elf32-avr)
LOAD linker stubs

.debug_ranges   0x00000000       0x50
 .debug_ranges  0x00000000       0x50 c:/users/ascom/downloads/embedded/imt_sdk_win_64/winavr/bin/../lib/gcc/avr/4.3.3/avr5\libgcc.a(_mul_sf.o)
